Component: ARM Compiler 5.06 update 6 (build 750) Tool: armlink [4d35ed]

==============================================================================

Section Cross References

    startup_stm32f103xb.o(RESET) refers to startup_stm32f103xb.o(STACK) for __initial_sp
    startup_stm32f103xb.o(RESET) refers to startup_stm32f103xb.o(.text) for Reset_Handler
    startup_stm32f103xb.o(RESET) refers to stm32f1xx_it.o(i.NMI_Handler) for NMI_Handler
    startup_stm32f103xb.o(RESET) refers to stm32f1xx_it.o(i.HardFault_Handler) for HardFault_Handler
    startup_stm32f103xb.o(RESET) refers to stm32f1xx_it.o(i.MemManage_Handler) for MemManage_Handler
    startup_stm32f103xb.o(RESET) refers to stm32f1xx_it.o(i.BusFault_Handler) for BusFault_Handler
    startup_stm32f103xb.o(RESET) refers to stm32f1xx_it.o(i.UsageFault_Handler) for UsageFault_Handler
    startup_stm32f103xb.o(RESET) refers to stm32f1xx_it.o(i.SVC_Handler) for SVC_Handler
    startup_stm32f103xb.o(RESET) refers to stm32f1xx_it.o(i.DebugMon_Handler) for DebugMon_Handler
    startup_stm32f103xb.o(RESET) refers to stm32f1xx_it.o(i.PendSV_Handler) for PendSV_Handler
    startup_stm32f103xb.o(RESET) refers to stm32f1xx_it.o(i.SysTick_Handler) for SysTick_Handler
    startup_stm32f103xb.o(RESET) refers to stm32f1xx_it.o(i.USB_LP_CAN1_RX0_IRQHandler) for USB_LP_CAN1_RX0_IRQHandler
    startup_stm32f103xb.o(.text) refers to system_stm32f1xx.o(i.SystemInit) for SystemInit
    startup_stm32f103xb.o(.text) refers to entry.o(.ARM.Collect$$$$00000000) for __main
    main.o(i.APF) refers to usbd_cdc_if.o(i.Write) for Write
    main.o(i.APF) refers to stm32f1xx_hal.o(i.HAL_Delay) for HAL_Delay
    main.o(i.APF) refers to strcpy.o(.text) for strcpy
    main.o(i.APF) refers to main.o(i.Aswitch) for Aswitch
    main.o(i.APF) refers to strlen.o(.text) for strlen
    main.o(i.APF) refers to usbd_cdc_if.o(.bss) for UserRxBufferFS
    main.o(i.Aswitch) refers to sm_control.o(i.HM) for HM
    main.o(i.Aswitch) refers to main.o(i.ReadNum) for ReadNum
    main.o(i.Aswitch) refers to sm_control.o(i.SS) for SS
    main.o(i.Aswitch) refers to sm_control.o(i.DR) for DR
    main.o(i.Aswitch) refers to sm_control.o(i.DL) for DL
    main.o(i.Aswitch) refers to sm_control.o(i.RS) for RS
    main.o(i.Aswitch) refers to sm_control.o(i.AL) for AL
    main.o(i.Aswitch) refers to sm_control.o(i.SD) for SD
    main.o(i.Aswitch) refers to sm_control.o(i.SP) for SP
    main.o(i.Aswitch) refers to sm_control.o(i.MVX) for MVX
    main.o(i.Aswitch) refers to sm_control.o(i.MV) for MV
    main.o(i.Aswitch) refers to sm_control.o(i.MH) for MH
    main.o(i.Aswitch) refers to sm_control.o(i.ML) for ML
    main.o(i.DRC) refers to usbd_cdc_if.o(i.Write) for Write
    main.o(i.DRC) refers to stm32f1xx_hal.o(i.HAL_Delay) for HAL_Delay
    main.o(i.DRC) refers to strcpy.o(.text) for strcpy
    main.o(i.DRC) refers to main.o(i.Aswitch) for Aswitch
    main.o(i.DRC) refers to main.o(i.ReadNum) for ReadNum
    main.o(i.DRC) refers to sm_control.o(i.SPdc) for SPdc
    main.o(i.DRC) refers to sm_control.o(i.MVXdc) for MVXdc
    main.o(i.DRC) refers to sm_control.o(i.MV) for MV
    main.o(i.DRC) refers to sm_control.o(i.MHdc) for MHdc
    main.o(i.DRC) refers to sm_control.o(i.MLdc) for MLdc
    main.o(i.DRC) refers to sm_control.o(i.HMdc) for HMdc
    main.o(i.DRC) refers to usbd_cdc_if.o(.bss) for UserRxBufferFS
    main.o(i.NoInterrupt) refers to strncpy.o(.text) for strncpy
    main.o(i.NoInterrupt) refers to main.o(i.Aswitch) for Aswitch
    main.o(i.NoInterrupt) refers to main.o(i.ReadNum) for ReadNum
    main.o(i.NoInterrupt) refers to sm_control.o(i.SPdc) for SPdc
    main.o(i.NoInterrupt) refers to usbd_cdc_if.o(.bss) for UserRxBufferFS
    main.o(i.ReadNum) refers to atoi.o(.text) for atoi
    main.o(i.SystemClock_Config) refers to memseta.o(.text) for __aeabi_memclr4
    main.o(i.SystemClock_Config) refers to stm32f1xx_hal_rcc.o(i.HAL_RCC_OscConfig) for HAL_RCC_OscConfig
    main.o(i.SystemClock_Config) refers to stm32f1xx_hal_rcc.o(i.HAL_RCC_ClockConfig) for HAL_RCC_ClockConfig
    main.o(i.SystemClock_Config) refers to stm32f1xx_hal_rcc_ex.o(i.HAL_RCCEx_PeriphCLKConfig) for HAL_RCCEx_PeriphCLKConfig
    main.o(i.main) refers to stm32f1xx_hal.o(i.HAL_Init) for HAL_Init
    main.o(i.main) refers to main.o(i.SystemClock_Config) for SystemClock_Config
    main.o(i.main) refers to usb_device.o(i.MX_USB_DEVICE_Init) for MX_USB_DEVICE_Init
    main.o(i.main) refers to usbd_cdc_if.o(i.Write) for Write
    main.o(i.main) refers to stm32f1xx_hal.o(i.HAL_Delay) for HAL_Delay
    main.o(i.main) refers to strncmp.o(.text) for strncmp
    main.o(i.main) refers to usbd_cdc_if.o(i.Debug) for Debug
    main.o(i.main) refers to main.o(i.APF) for APF
    main.o(i.main) refers to main.o(i.DRC) for DRC
    main.o(i.main) refers to usbd_cdc_if.o(.bss) for UserRxBufferFS
    main.o(i.main) refers to main.o(.conststring) for .conststring
[...]
    ..\Drivers\STM32F1xx_HAL_Driver\Src\stm32f1xx_hal_pcd.c 0x00000000   Number         0  stm32f1xx_hal_pcd.o ABSOLUTE
    ..\Drivers\STM32F1xx_HAL_Driver\Src\stm32f1xx_hal_pcd_ex.c 0x00000000   Number         0  stm32f1xx_hal_pcd_ex.o ABSOLUTE
    ..\Drivers\STM32F1xx_HAL_Driver\Src\stm32f1xx_hal_pwr.c 0x00000000   Number         0  stm32f1xx_hal_pwr.o ABSOLUTE
    ..\Drivers\STM32F1xx_HAL_Driver\Src\stm32f1xx_hal_rcc.c 0x00000000   Number         0  stm32f1xx_hal_rcc.o ABSOLUTE
    ..\Drivers\STM32F1xx_HAL_Driver\Src\stm32f1xx_hal_rcc_ex.c 0x00000000   Number         0  stm32f1xx_hal_rcc_ex.o ABSOLUTE
    ..\Drivers\STM32F1xx_HAL_Driver\Src\stm32f1xx_hal_tim.c 0x00000000   Number         0  stm32f1xx_hal_tim.o ABSOLUTE
    ..\Drivers\STM32F1xx_HAL_Driver\Src\stm32f1xx_hal_tim_ex.c 0x00000000   Number         0  stm32f1xx_hal_tim_ex.o ABSOLUTE
    ..\Drivers\STM32F1xx_HAL_Driver\Src\stm32f1xx_ll_usb.c 0x00000000   Number         0  stm32f1xx_ll_usb.o ABSOLUTE
    ..\Middlewares\ST\STM32_USB_Device_Library\Class\CDC\Src\usbd_cdc.c 0x00000000   Number         0  usbd_cdc.o ABSOLUTE
    ..\Middlewares\ST\STM32_USB_Device_Library\Core\Src\usbd_core.c 0x00000000   Number         0  usbd_core.o ABSOLUTE
    ..\Middlewares\ST\STM32_USB_Device_Library\Core\Src\usbd_ctlreq.c 0x00000000   Number         0  usbd_ctlreq.o ABSOLUTE
    ..\Middlewares\ST\STM32_USB_Device_Library\Core\Src\usbd_ioreq.c 0x00000000   Number         0  usbd_ioreq.o ABSOLUTE
    ..\Src\main.c                            0x00000000   Number         0  main.o ABSOLUTE
    ..\Src\stm32f1xx_hal_msp.c               0x00000000   Number         0  stm32f1xx_hal_msp.o ABSOLUTE
    ..\Src\stm32f1xx_it.c                    0x00000000   Number         0  stm32f1xx_it.o ABSOLUTE
    ..\Src\system_stm32f1xx.c                0x00000000   Number         0  system_stm32f1xx.o ABSOLUTE
    ..\Src\usb_device.c                      0x00000000   Number         0  usb_device.o ABSOLUTE
    ..\Src\usbd_cdc_if.c                     0x00000000   Number         0  usbd_cdc_if.o ABSOLUTE
    ..\Src\usbd_conf.c                       0x00000000   Number         0  usbd_conf.o ABSOLUTE
    ..\Src\usbd_desc.c                       0x00000000   Number         0  usbd_desc.o ABSOLUTE
    SM_Control.c                             0x00000000   Number         0  sm_control.o ABSOLUTE
    SM_Control.c                             0x00000000   Number         0  sm_control.o ABSOLUTE
    cdcmple.s                                0x00000000   Number         0  cdcmple.o ABSOLUTE
    dc.s                                     0x00000000   Number         0  dc.o ABSOLUTE
    handlers.s                               0x00000000   Number         0  handlers.o ABSOLUTE
    init.s                                   0x00000000   Number         0  init.o ABSOLUTE
    startup_stm32f103xb.s                    0x00000000   Number         0  startup_stm32f103xb.o ABSOLUTE
    RESET                                    0x08000000   Section      236  startup_stm32f103xb.o(RESET)
    .ARM.Collect$$$$00000000                 0x080000ec   Section        0  entry.o(.ARM.Collect$$$$00000000)
    .ARM.Collect$$$$00000001                 0x080000ec   Section        4  entry2.o(.ARM.Collect$$$$00000001)
    .ARM.Collect$$$$00000004                 0x080000f0   Section        4  entry5.o(.ARM.Collect$$$$00000004)
    .ARM.Collect$$$$00000008                 0x080000f4   Section        0  entry7b.o(.ARM.Collect$$$$00000008)
    .ARM.Collect$$$$0000000A                 0x080000f4   Section        0  entry8b.o(.ARM.Collect$$$$0000000A)
    .ARM.Collect$$$$0000000B                 0x080000f4   Section        8  entry9a.o(.ARM.Collect$$$$0000000B)
    .ARM.Collect$$$$0000000D                 0x080000fc   Section        0  entry10a.o(.ARM.Collect$$$$0000000D)
    .ARM.Collect$$$$0000000F                 0x080000fc   Section        0  entry11a.o(.ARM.Collect$$$$0000000F)
    .ARM.Collect$$$$00002712                 0x080000fc   Section        4  entry2.o(.ARM.Collect$$$$00002712)
    __lit__00000000                          0x080000fc   Data           4  entry2.o(.ARM.Collect$$$$00002712)
    .text                                    0x08000100   Section       36  startup_stm32f103xb.o(.text)
    .text                                    0x08000124   Section        0  llushr.o(.text)
    .text                                    0x08000144   Section        0  memcpya.o(.text)
    .text                                    0x08000168   Section        0  memseta.o(.text)
    .text                                    0x0800018c   Section        0  strncpy.o(.text)
    .text                                    0x080001a4   Section        0  strlen.o(.text)
    .text                                    0x080001b2   Section        0  strcpy.o(.text)
    .text                                    0x080001c4   Section        0  strncmp.o(.text)
    .text                                    0x080001e2   Section        0  atoi.o(.text)
    .text                                    0x080001fc   Section        0  dadd.o(.text)
    .text                                    0x0800034a   Section        0  ddiv.o(.text)
    .text                                    0x08000428   Section        0  fflti.o(.text)
    .text                                    0x0800043a   Section        0  dfltui.o(.text)
    .text                                    0x08000454   Section        0  dfixui.o(.text)
    .text                                    0x08000486   Section        0  f2d.o(.text)
    .text                                    0x080004ac   Section       48  cdcmple.o(.text)
    .text                                    0x080004dc   Section        0  llshl.o(.text)
    .text                                    0x080004fa   Section        0  llsshr.o(.text)
    .text                                    0x0800051e   Section        0  strtol.o(.text)
    .text                                    0x0800058e   Section        0  fepilogue.o(.text)
    .text                                    0x0800058e   Section        0  iusefp.o(.text)
    .text                                    0x080005fc   Section        0  depilogue.o(.text)
    .text                                    0x080006b8   Section       36  init.o(.text)
    .text                                    0x080006dc   Section        0  ctype_o.o(.text)
    .text                                    0x080006e4   Section        0  _strtoul.o(.text)
    .text                                    0x08000782   Section        0  _chval.o(.text)
    .text                                    0x0800079e   Section        0  __dczerorl2.o(.text)
    i.AL                                     0x080007f4   Section        0  sm_control.o(i.AL)
    i.APF                                    0x08000818   Section        0  main.o(i.APF)
    i.Aswitch                                0x08000884   Section        0  main.o(i.Aswitch)
    i.BufferCheck                            0x080009e8   Section        0  usbd_cdc_if.o(i.BufferCheck)
    i.BusFault_Handler                       0x08000a20   Section        0  stm32f1xx_it.o(i.BusFault_Handler)
    i.CDC_Control_FS                         0x08000a22   Section        0  usbd_cdc_if.o(i.CDC_Control_FS)
    CDC_Control_FS                           0x08000a23   Thumb Code     4  usbd_cdc_if.o(i.CDC_Control_FS)
    i.CDC_DeInit_FS                          0x08000a26   Section        0  usbd_cdc_if.o(i.CDC_DeInit_FS)
    CDC_DeInit_FS                            0x08000a27   Thumb Code     4  usbd_cdc_if.o(i.CDC_DeInit_FS)
    i.CDC_Init_FS                            0x08000a2c   Section        0  usbd_cdc_if.o(i.CDC_Init_FS)
    CDC_Init_FS                              0x08000a2d   Thumb Code    24  usbd_cdc_if.o(i.CDC_Init_FS)
    i.CDC_Receive_FS                         0x08000a50   Section        0  usbd_cdc_if.o(i.CDC_Receive_FS)
    CDC_Receive_FS                           0x08000a51   Thumb Code    32  usbd_cdc_if.o(i.CDC_Receive_FS)
    i.CDC_Transmit_FS                        0x08000a78   Section        0  usbd_cdc_if.o(i.CDC_Transmit_FS)
    i.Change                                 0x08000aa4   Section        0  sm_control.o(i.Change)
    i.DL                                     0x08000b0c   Section        0  sm_control.o(i.DL)
    i.DR                                     0x08000b2c   Section        0  sm_control.o(i.DR)
    i.DRC                                    0x08000b4c   Section        0  main.o(i.DRC)
    i.Debug                                  0x08000c14   Section        0  usbd_cdc_if.o(i.Debug)
    i.DebugMon_Handler                       0x08000c28   Section        0  stm32f1xx_it.o(i.DebugMon_Handler)
    i.Dir                                    0x08000c2c   Section        0  sm_control.o(i.Dir)
    i.Error_Handler                          0x08000c5c   Section        0  main.o(i.Error_Handler)
    i.HAL_Delay                              0x08000c60   Section        0  stm32f1xx_hal.o(i.HAL_Delay)
    i.HAL_GPIO_ReadPin                       0x08000c84   Section        0  stm32f1xx_hal_gpio.o(i.HAL_GPIO_ReadPin)
    i.HAL_GPIO_WritePin                      0x08000c8e   Section        0  stm32f1xx_hal_gpio.o(i.HAL_GPIO_WritePin)
    i.HAL_GetTick                            0x08000c98   Section        0  stm32f1xx_hal.o(i.HAL_GetTick)
    i.HAL_IncTick                            0x08000ca4   Section        0  stm32f1xx_hal.o(i.HAL_IncTick)
    i.HAL_Init                               0x08000cb4   Section        0  stm32f1xx_hal.o(i.HAL_Init)
    i.HAL_InitTick                           0x08000cd8   Section        0  stm32f1xx_hal.o(i.HAL_InitTick)
    i.HAL_MspInit                            0x08000d18   Section        0  stm32f1xx_hal_msp.o(i.HAL_MspInit)
    i.HAL_NVIC_EnableIRQ                     0x08000d54   Section        0  stm32f1xx_hal_cortex.o(i.HAL_NVIC_EnableIRQ)
    i.HAL_NVIC_SetPriority                   0x08000d70   Section        0  stm32f1xx_hal_cortex.o(i.HAL_NVIC_SetPriority)
    i.HAL_NVIC_SetPriorityGrouping           0x08000db0   Section        0  stm32f1xx_hal_cortex.o(i.HAL_NVIC_SetPriorityGrouping)
    i.HAL_PCDEx_PMAConfig                    0x08000dd4   Section        0  stm32f1xx_hal_pcd_ex.o(i.HAL_PCDEx_PMAConfig)
    i.HAL_PCDEx_SetConnectionState           0x08000e08   Section        0  usbd_conf.o(i.HAL_PCDEx_SetConnectionState)
    i.HAL_PCD_DataInStageCallback            0x08000e0a   Section        0  usbd_conf.o(i.HAL_PCD_DataInStageCallback)
    i.HAL_PCD_DataOutStageCallback           0x08000e18   Section        0  usbd_conf.o(i.HAL_PCD_DataOutStageCallback)
    i.HAL_PCD_EP_Close                       0x08000e28   Section        0  stm32f1xx_hal_pcd.o(i.HAL_PCD_EP_Close)
    i.HAL_PCD_EP_ClrStall                    0x08000e70   Section        0  stm32f1xx_hal_pcd.o(i.HAL_PCD_EP_ClrStall)
    i.HAL_PCD_EP_GetRxCount                  0x08000ec8   Section        0  stm32f1xx_hal_pcd.o(i.HAL_PCD_EP_GetRxCount)
    i.HAL_PCD_EP_Open                        0x08000ed6   Section        0  stm32f1xx_hal_pcd.o(i.HAL_PCD_EP_Open)
    i.HAL_PCD_EP_Receive                     0x08000f32   Section        0  stm32f1xx_hal_pcd.o(i.HAL_PCD_EP_Receive)
    i.HAL_PCD_EP_SetStall                    0x08000f60   Section        0  stm32f1xx_hal_pcd.o(i.HAL_PCD_EP_SetStall)
    i.HAL_PCD_EP_Transmit                    0x08000fca   Section        0  stm32f1xx_hal_pcd.o(i.HAL_PCD_EP_Transmit)
    i.HAL_PCD_IRQHandler                     0x08000ff4   Section        0  stm32f1xx_hal_pcd.o(i.HAL_PCD_IRQHandler)
    i.HAL_PCD_Init                           0x0800110c   Section        0  stm32f1xx_hal_pcd.o(i.HAL_PCD_Init)
    i.HAL_PCD_MspInit                        0x080011e0   Section        0  usbd_conf.o(i.HAL_PCD_MspInit)
    i.HAL_PCD_ResetCallback                  0x0800121c   Section        0  usbd_conf.o(i.HAL_PCD_ResetCallback)
    i.HAL_PCD_ResumeCallback                 0x08001242   Section        0  usbd_conf.o(i.HAL_PCD_ResumeCallback)
    i.HAL_PCD_SOFCallback                    0x0800124a   Section        0  usbd_conf.o(i.HAL_PCD_SOFCallback)
    i.HAL_PCD_SetAddress                     0x08001252   Section        0  stm32f1xx_hal_pcd.o(i.HAL_PCD_SetAddress)
    i.HAL_PCD_SetupStageCallback             0x0800127a   Section        0  usbd_conf.o(i.HAL_PCD_SetupStageCallback)
    i.HAL_PCD_Start                          0x08001288   Section        0  stm32f1xx_hal_pcd.o(i.HAL_PCD_Start)
    i.HAL_PCD_SuspendCallback                0x080012bc   Section        0  usbd_conf.o(i.HAL_PCD_SuspendCallback)
    i.HAL_RCCEx_PeriphCLKConfig              0x080012e0   Section        0  stm32f1xx_hal_rcc_ex.o(i.HAL_RCCEx_PeriphCLKConfig)
    i.HAL_RCC_ClockConfig                    0x080013cc   Section        0  stm32f1xx_hal_rcc.o(i.HAL_RCC_ClockConfig)
    i.HAL_RCC_GetSysClockFreq                0x080014f8   Section        0  stm32f1xx_hal_rcc.o(i.HAL_RCC_GetSysClockFreq)
    i.HAL_RCC_OscConfig                      0x08001564   Section        0  stm32f1xx_hal_rcc.o(i.HAL_RCC_OscConfig)
    i.HAL_SYSTICK_Config                     0x08001884   Section        0  stm32f1xx_hal_cortex.o(i.HAL_SYSTICK_Config)
    i.HM                                     0x080018ac   Section        0  sm_control.o(i.HM)
    i.HMdc                                   0x080018d8   Section        0  sm_control.o(i.HMdc)
    i.HardFault_Handler                      0x08001918   Section        0  stm32f1xx_it.o(i.HardFault_Handler)
    i.IntToUnicode                           0x0800191c   Section        0  usbd_desc.o(i.IntToUnicode)
    IntToUnicode                             0x0800191d   Thumb Code    56  usbd_desc.o(i.IntToUnicode)
    i.MH                                     0x08001954   Section        0  sm_control.o(i.MH)
    i.MHdc                                   0x08001980   Section        0  sm_control.o(i.MHdc)
    i.ML                                     0x080019b4   Section        0  sm_control.o(i.ML)
    i.MLdc                                   0x080019e0   Section        0  sm_control.o(i.MLdc)
    i.MV                                     0x08001a14   Section        0  sm_control.o(i.MV)
    i.MVX                                    0x08001a30   Section        0  sm_control.o(i.MVX)
    i.MVXdc                                  0x08001a60   Section        0  sm_control.o(i.MVXdc)
    i.MX_USB_DEVICE_Init                     0x08001ab0   Section        0  usb_device.o(i.MX_USB_DEVICE_Init)
    i.MemManage_Handler                      0x08001b04   Section        0  stm32f1xx_it.o(i.MemManage_Handler)
    i.NMI_Handler                            0x08001b06   Section        0  stm32f1xx_it.o(i.NMI_Handler)
    i.NoInterrupt                            0x08001b08   Section        0  main.o(i.NoInterrupt)
    i.PCD_EP_ISR_Handler                     0x08001b40   Section        0  stm32f1xx_hal_pcd.o(i.PCD_EP_ISR_Handler)
    PCD_EP_ISR_Handler                       0x08001b41   Thumb Code   706  stm32f1xx_hal_pcd.o(i.PCD_EP_ISR_Handler)
    i.PendSV_Handler                         0x08001e02   Section        0  stm32f1xx_it.o(i.PendSV_Handler)
    i.RS                                     0x08001e04   Section        0  sm_control.o(i.RS)
    i.ReadNum                                0x08001e24   Section        0  main.o(i.ReadNum)
    i.SD                                     0x08001e74   Section        0  sm_control.o(i.SD)
    i.SP                                     0x08001e98   Section        0  sm_control.o(i.SP)
    i.SPdc                                   0x08001eb0   Section        0  sm_control.o(i.SPdc)
    i.SS                                     0x08001ef4   Section        0  sm_control.o(i.SS)
    i.SVC_Handler                            0x08001f14   Section        0  stm32f1xx_it.o(i.SVC_Handler)
    i.Step                                   0x08001f18   Section        0  sm_control.o(i.Step)
    i.SysTick_Handler                        0x08001f80   Section        0  stm32f1xx_it.o(i.SysTick_Handler)
    i.SystemClock_Config                     0x08001f84   Section        0  main.o(i.SystemClock_Config)
    i.SystemInit                             0x08001fe4   Section        0  system_stm32f1xx.o(i.SystemInit)
    i.USBD_CDC_DataIn                        0x0800202c   Section        0  usbd_cdc.o(i.USBD_CDC_DataIn)
    USBD_CDC_DataIn                          0x0800202d   Thumb Code    70  usbd_cdc.o(i.USBD_CDC_DataIn)
    i.USBD_CDC_DataOut                       0x08002072   Section        0  usbd_cdc.o(i.USBD_CDC_DataOut)
    USBD_CDC_DataOut                         0x08002073   Thumb Code    46  usbd_cdc.o(i.USBD_CDC_DataOut)
    i.USBD_CDC_DeInit                        0x080020a0   Section        0  usbd_cdc.o(i.USBD_CDC_DeInit)
    USBD_CDC_DeInit                          0x080020a1   Thumb Code    68  usbd_cdc.o(i.USBD_CDC_DeInit)
    i.USBD_CDC_EP0_RxReady                   0x080020e4   Section        0  usbd_cdc.o(i.USBD_CDC_EP0_RxReady)
    USBD_CDC_EP0_RxReady                     0x080020e5   Thumb Code    36  usbd_cdc.o(i.USBD_CDC_EP0_RxReady)
    i.USBD_CDC_GetDeviceQualifierDescriptor  0x08002108   Section        0  usbd_cdc.o(i.USBD_CDC_GetDeviceQualifierDescriptor)
    i.USBD_CDC_GetFSCfgDesc                  0x08002114   Section        0  usbd_cdc.o(i.USBD_CDC_GetFSCfgDesc)
    USBD_CDC_GetFSCfgDesc                    0x08002115   Thumb Code     8  usbd_cdc.o(i.USBD_CDC_GetFSCfgDesc)
    i.USBD_CDC_GetHSCfgDesc                  0x08002120   Section        0  usbd_cdc.o(i.USBD_CDC_GetHSCfgDesc)
    USBD_CDC_GetHSCfgDesc                    0x08002121   Thumb Code     8  usbd_cdc.o(i.USBD_CDC_GetHSCfgDesc)
    i.USBD_CDC_GetOtherSpeedCfgDesc          0x0800212c   Section        0  usbd_cdc.o(i.USBD_CDC_GetOtherSpeedCfgDesc)
    USBD_CDC_GetOtherSpeedCfgDesc            0x0800212d   Thumb Code     8  usbd_cdc.o(i.USBD_CDC_GetOtherSpeedCfgDesc)
    i.USBD_CDC_Init                          0x08002138   Section        0  usbd_cdc.o(i.USBD_CDC_Init)
    USBD_CDC_Init                            0x08002139   Thumb Code   148  usbd_cdc.o(i.USBD_CDC_Init)
    i.USBD_CDC_ReceivePacket                 0x080021cc   Section        0  usbd_cdc.o(i.USBD_CDC_ReceivePacket)
    i.USBD_CDC_RegisterInterface             0x080021f4   Section        0  usbd_cdc.o(i.USBD_CDC_RegisterInterface)
    i.USBD_CDC_SetRxBuffer                   0x08002204   Section        0  usbd_cdc.o(i.USBD_CDC_SetRxBuffer)
    i.USBD_CDC_SetTxBuffer                   0x08002210   Section        0  usbd_cdc.o(i.USBD_CDC_SetTxBuffer)
    i.USBD_CDC_Setup                         0x08002220   Section        0  usbd_cdc.o(i.USBD_CDC_Setup)
    USBD_CDC_Setup                           0x08002221   Thumb Code   172  usbd_cdc.o(i.USBD_CDC_Setup)
    i.USBD_CDC_TransmitPacket                0x080022cc   Section        0  usbd_cdc.o(i.USBD_CDC_TransmitPacket)
    i.USBD_ClrClassConfig                    0x08002302   Section        0  usbd_core.o(i.USBD_ClrClassConfig)
    i.USBD_CtlContinueRx                     0x08002310   Section        0  usbd_ioreq.o(i.USBD_CtlContinueRx)
    i.USBD_CtlContinueSendData               0x08002320   Section        0  usbd_ioreq.o(i.USBD_CtlContinueSendData)
    i.USBD_CtlError                          0x08002330   Section        0  usbd_ctlreq.o(i.USBD_CtlError)
    i.USBD_CtlPrepareRx                      0x08002346   Section        0  usbd_ioreq.o(i.USBD_CtlPrepareRx)
    i.USBD_CtlReceiveStatus                  0x08002364   Section        0  usbd_ioreq.o(i.USBD_CtlReceiveStatus)
    i.USBD_CtlSendData                       0x0800237a   Section        0  usbd_ioreq.o(i.USBD_CtlSendData)
    i.USBD_CtlSendStatus                     0x08002394   Section        0  usbd_ioreq.o(i.USBD_CtlSendStatus)
    i.USBD_FS_ConfigStrDescriptor            0x080023ac   Section        0  usbd_desc.o(i.USBD_FS_ConfigStrDescriptor)
    i.USBD_FS_DeviceDescriptor               0x080023cc   Section        0  usbd_desc.o(i.USBD_FS_DeviceDescriptor)
    i.USBD_FS_InterfaceStrDescriptor         0x080023d8   Section        0  usbd_desc.o(i.USBD_FS_InterfaceStrDescriptor)
    i.USBD_FS_LangIDStrDescriptor            0x080023fc   Section        0  usbd_desc.o(i.USBD_FS_LangIDStrDescriptor)
    i.USBD_FS_ManufacturerStrDescriptor      0x08002408   Section        0  usbd_desc.o(i.USBD_FS_ManufacturerStrDescriptor)
    i.USBD_FS_ProductStrDescriptor           0x08002430   Section        0  usbd_desc.o(i.USBD_FS_ProductStrDescriptor)
    i.USBD_FS_SerialStrDescriptor            0x0800245c   Section        0  usbd_desc.o(i.USBD_FS_SerialStrDescriptor)
    i.USBD_GetDescriptor                     0x08002494   Section        0  usbd_ctlreq.o(i.USBD_GetDescriptor)
    USBD_GetDescriptor                       0x08002495   Thumb Code   232  usbd_ctlreq.o(i.USBD_GetDescriptor)
    i.USBD_GetString                         0x0800257c   Section        0  usbd_ctlreq.o(i.USBD_GetString)
    i.USBD_Get_USB_Status                    0x080025c4   Section        0  usbd_conf.o(i.USBD_Get_USB_Status)
    USBD_Get_USB_Status                      0x080025c5   Thumb Code    24  usbd_conf.o(i.USBD_Get_USB_Status)
    i.USBD_Init                              0x080025dc   Section        0  usbd_core.o(i.USBD_Init)
    i.USBD_LL_ClearStallEP                   0x08002606   Section        0  usbd_conf.o(i.USBD_LL_ClearStallEP)
    i.USBD_LL_CloseEP                        0x08002618   Section        0  usbd_conf.o(i.USBD_LL_CloseEP)
    i.USBD_LL_DataInStage                    0x0800262a   Section        0  usbd_core.o(i.USBD_LL_DataInStage)
    i.USBD_LL_DataOutStage                   0x080026f0   Section        0  usbd_core.o(i.USBD_LL_DataOutStage)
    i.USBD_LL_GetRxDataSize                  0x08002772   Section        0  usbd_conf.o(i.USBD_LL_GetRxDataSize)
    i.USBD_LL_Init                           0x0800277c   Section        0  usbd_conf.o(i.USBD_LL_Init)
    i.USBD_LL_IsStallEP                      0x080027fc   Section        0  usbd_conf.o(i.USBD_LL_IsStallEP)
    i.USBD_LL_OpenEP                         0x08002818   Section        0  usbd_conf.o(i.USBD_LL_OpenEP)
    i.USBD_LL_PrepareReceive                 0x08002830   Section        0  usbd_conf.o(i.USBD_LL_PrepareReceive)
    i.USBD_LL_Reset                          0x08002842   Section        0  usbd_core.o(i.USBD_LL_Reset)
    i.USBD_LL_Resume                         0x08002892   Section        0  usbd_core.o(i.USBD_LL_Resume)
    i.USBD_LL_SOF                            0x080028a6   Section        0  usbd_core.o(i.USBD_LL_SOF)
    i.USBD_LL_SetSpeed                       0x080028be   Section        0  usbd_core.o(i.USBD_LL_SetSpeed)
    i.USBD_LL_SetUSBAddress                  0x080028c4   Section        0  usbd_conf.o(i.USBD_LL_SetUSBAddress)
    i.USBD_LL_SetupStage                     0x080028d6   Section        0  usbd_core.o(i.USBD_LL_SetupStage)
    i.USBD_LL_StallEP                        0x08002930   Section        0  usbd_conf.o(i.USBD_LL_StallEP)
    i.USBD_LL_Start                          0x08002942   Section        0  usbd_conf.o(i.USBD_LL_Start)
    i.USBD_LL_Suspend                        0x08002954   Section        0  usbd_core.o(i.USBD_LL_Suspend)
    i.USBD_LL_Transmit                       0x08002966   Section        0  usbd_conf.o(i.USBD_LL_Transmit)
    i.USBD_ParseSetupRequest                 0x08002978   Section        0  usbd_ctlreq.o(i.USBD_ParseSetupRequest)
    i.USBD_RegisterClass                     0x080029a0   Section        0  usbd_core.o(i.USBD_RegisterClass)
    i.USBD_SetClassConfig                    0x080029b0   Section        0  usbd_core.o(i.USBD_SetClassConfig)
    i.USBD_SetConfig                         0x080029c8   Section        0  usbd_ctlreq.o(i.USBD_SetConfig)
    USBD_SetConfig                           0x080029c9   Thumb Code   128  usbd_ctlreq.o(i.USBD_SetConfig)
    i.USBD_Start                             0x08002a4c   Section        0  usbd_core.o(i.USBD_Start)
    i.USBD_StdDevReq                         0x08002a56   Section        0  usbd_ctlreq.o(i.USBD_StdDevReq)
    i.USBD_StdEPReq                          0x08002b68   Section        0  usbd_ctlreq.o(i.USBD_StdEPReq)
    i.USBD_StdItfReq                         0x08002cb8   Section        0  usbd_ctlreq.o(i.USBD_StdItfReq)
    i.USBD_static_free                       0x08002d06   Section        0  usbd_conf.o(i.USBD_static_free)
    i.USBD_static_malloc                     0x08002d08   Section        0  usbd_conf.o(i.USBD_static_malloc)
    i.USB_ActivateEndpoint                   0x08002d10   Section        0  stm32f1xx_ll_usb.o(i.USB_ActivateEndpoint)
    i.USB_CoreInit                           0x08002f76   Section        0  stm32f1xx_ll_usb.o(i.USB_CoreInit)
    i.USB_DeactivateEndpoint                 0x08002f7a   Section        0  stm32f1xx_ll_usb.o(i.USB_DeactivateEndpoint)
    i.USB_DevConnect                         0x08003088   Section        0  stm32f1xx_ll_usb.o(i.USB_DevConnect)
    i.USB_DevDisconnect                      0x0800308c   Section        0  stm32f1xx_ll_usb.o(i.USB_DevDisconnect)
    i.USB_DevInit                            0x08003090   Section        0  stm32f1xx_ll_usb.o(i.USB_DevInit)
    i.USB_DisableGlobalInt                   0x080030ae   Section        0  stm32f1xx_ll_usb.o(i.USB_DisableGlobalInt)
    i.USB_EP0_OutStart                       0x080030bc   Section        0  stm32f1xx_ll_usb.o(i.USB_EP0_OutStart)
    i.USB_EPClearStall                       0x080030c0   Section        0  stm32f1xx_ll_usb.o(i.USB_EPClearStall)
    i.USB_EPSetStall                         0x08003138   Section        0  stm32f1xx_ll_usb.o(i.USB_EPSetStall)
    i.USB_EPStartXfer                        0x0800316a   Section        0  stm32f1xx_ll_usb.o(i.USB_EPStartXfer)
    i.USB_EnableGlobalInt                    0x08003306   Section        0  stm32f1xx_ll_usb.o(i.USB_EnableGlobalInt)
    i.USB_LP_CAN1_RX0_IRQHandler             0x08003314   Section        0  stm32f1xx_it.o(i.USB_LP_CAN1_RX0_IRQHandler)
    i.USB_ReadInterrupts                     0x08003320   Section        0  stm32f1xx_ll_usb.o(i.USB_ReadInterrupts)
    i.USB_ReadPMA                            0x08003328   Section        0  stm32f1xx_ll_usb.o(i.USB_ReadPMA)
    i.USB_SetCurrentMode                     0x08003354   Section        0  stm32f1xx_ll_usb.o(i.USB_SetCurrentMode)
    i.USB_SetDevAddress                      0x08003358   Section        0  stm32f1xx_ll_usb.o(i.USB_SetDevAddress)
    i.USB_WritePMA                           0x08003364   Section        0  stm32f1xx_ll_usb.o(i.USB_WritePMA)
    i.UsageFault_Handler                     0x0800338a   Section        0  stm32f1xx_it.o(i.UsageFault_Handler)
    i.Write                                  0x0800338c   Section        0  usbd_cdc_if.o(i.Write)
    i.__NVIC_SetPriority                     0x080033a0   Section        0  stm32f1xx_hal_cortex.o(i.__NVIC_SetPriority)
    __NVIC_SetPriority                       0x080033a1   Thumb Code    32  stm32f1xx_hal_cortex.o(i.__NVIC_SetPriority)
    i.__aeabi_errno_addr                     0x080033c0   Section        0  errno.o(i.__aeabi_errno_addr)
    i.__scatterload_copy                     0x080033c8   Section       14  handlers.o(i.__scatterload_copy)
    i.__scatterload_null                     0x080033d6   Section        2  handlers.o(i.__scatterload_null)
    i.__scatterload_zeroinit                 0x080033d8   Section       14  handlers.o(i.__scatterload_zeroinit)
    i.main                                   0x080033e8   Section        0  main.o(i.main)
    .constdata                               0x080034a0   Section       16  system_stm32f1xx.o(.constdata)
    .constdata                               0x080034b0   Section      129  ctype_o.o(.constdata)
    .constdata                               0x08003534   Section        4  ctype_o.o(.constdata)
    table                                    0x08003534   Data           4  ctype_o.o(.constdata)
    .conststring                             0x08003538   Section      111  main.o(.conststring)
    .data                                    0x20000000   Section       28  usbd_desc.o(.data)
    .data                                    0x2000001c   Section       50  usbd_desc.o(.data)
    .data                                    0x20000050   Section       16  usbd_cdc_if.o(.data)
    .data                                    0x20000060   Section       40  sm_control.o(.data)
    .data                                    0x20000088   Section       12  stm32f1xx_hal.o(.data)
    .data                                    0x20000094   Section        4  system_stm32f1xx.o(.data)
    .data                                    0x20000098   Section        1  usbd_ctlreq.o(.data)
    cfgidx                                   0x20000098   Data           1  usbd_ctlreq.o(.data)
    .data                                    0x2000009c   Section      215  usbd_cdc.o(.data)
    USBD_CDC_DeviceQualifierDesc             0x2000009c   Data          10  usbd_cdc.o(.data)
    .data                                    0x20000174   Section       56  usbd_cdc.o(.data)
    .data                                    0x200001ac   Section        4  errno.o(.data)
    _errno                                   0x200001ac   Data           4  errno.o(.data)
    .bss                                     0x200001b0   Section      708  usb_device.o(.bss)
    .bss                                     0x20000474   Section     1164  usbd_conf.o(.bss)
    mem                                      0x20000474   Data         544  usbd_conf.o(.bss)
    .bss                                     0x20000900   Section      512  usbd_desc.o(.bss)
    .bss                                     0x20000b00   Section     2000  usbd_cdc_if.o(.bss)
    STACK                                    0x200012d0   Section     1024  startup_stm32f103xb.o(STACK)

    Global Symbols

    Symbol Name                              Value     Ov Type        Size  Object(Section)

    BuildAttributes$$THM_ISAv4$P$D$K$B$S$PE$A:L22UL41UL21$X:L11$S22US41US21$IEEE1$IW$USESV6$~STKCKD$USESV7$~SHL$OTIME$ROPI$EBA8$MICROLIB$REQ8$PRES8$EABIv2 0x00000000   Number         0  anon$$obj.o ABSOLUTE
    __ARM_use_no_argv                        0x00000000   Number         0  main.o ABSOLUTE
    __cpp_initialize__aeabi_                  - Undefined Weak Reference
    __cxa_finalize                            - Undefined Weak Reference
    _clock_init                               - Undefined Weak Reference
    _microlib_exit                            - Undefined Weak Reference
    __Vectors_Size                           0x000000ec   Number         0  startup_stm32f103xb.o ABSOLUTE
    __Vectors                                0x08000000   Data           4  startup_stm32f103xb.o(RESET)
    __Vectors_End                            0x080000ec   Data           0  startup_stm32f103xb.o(RESET)
    __main                                   0x080000ed   Thumb Code     0  entry.o(.ARM.Collect$$$$00000000)
    _main_stk                                0x080000ed   Thumb Code     0  entry2.o(.ARM.Collect$$$$00000001)
    _main_scatterload                        0x080000f1   Thumb Code     0  entry5.o(.ARM.Collect$$$$00000004)
    __main_after_scatterload                 0x080000f5   Thumb Code     0  entry5.o(.ARM.Collect$$$$00000004)
    _main_clock                              0x080000f5   Thumb Code     0  entry7b.o(.ARM.Collect$$$$00000008)
    _main_cpp_init                           0x080000f5   Thumb Code     0  entry8b.o(.ARM.Collect$$$$0000000A)
    _main_init                               0x080000f5   Thumb Code     0  entry9a.o(.ARM.Collect$$$$0000000B)
    __rt_final_cpp                           0x080000fd   Thumb Code     0  entry10a.o(.ARM.Collect$$$$0000000D)
    __rt_final_exit                          0x080000fd   Thumb Code     0  entry11a.o(.ARM.Collect$$$$0000000F)
    Reset_Handler                            0x08000101   Thumb Code     8  startup_stm32f103xb.o(.text)
    ADC1_2_IRQHandler                        0x0800011b   Thumb Code     0  startup_stm32f103xb.o(.text)
    CAN1_RX1_IRQHandler                      0x0800011b   Thumb Code     0  startup_stm32f103xb.o(.text)
    CAN1_SCE_IRQHandler                      0x0800011b   Thumb Code     0  startup_stm32f103xb.o(.text)
    DMA1_Channel1_IRQHandler                 0x0800011b   Thumb Code     0  startup_stm32f103xb.o(.text)
    DMA1_Channel2_IRQHandler                 0x0800011b   Thumb Code     0  startup_stm32f103xb.o(.text)
    DMA1_Channel3_IRQHandler                 0x0800011b   Thumb Code     0  startup_stm32f103xb.o(.text)
    DMA1_Channel4_IRQHandler                 0x0800011b   Thumb Code     0  startup_stm32f103xb.o(.text)
    DMA1_Channel5_IRQHandler                 0x0800011b   Thumb Code     0  startup_stm32f103xb.o(.text)
    DMA1_Channel6_IRQHandler                 0x0800011b   Thumb Code     0  startup_stm32f103xb.o(.text)
    DMA1_Channel7_IRQHandler                 0x0800011b   Thumb Code     0  startup_stm32f103xb.o(.text)
    EXTI0_IRQHandler                         0x0800011b   Thumb Code     0  startup_stm32f103xb.o(.text)
    EXTI15_10_IRQHandler                     0x0800011b   Thumb Code     0  startup_stm32f103xb.o(.text)
    EXTI1_IRQHandler                         0x0800011b   Thumb Code     0  startup_stm32f103xb.o(.text)
    EXTI2_IRQHandler                         0x0800011b   Thumb Code     0  startup_stm32f103xb.o(.text)
    EXTI3_IRQHandler                         0x0800011b   Thumb Code     0  startup_stm32f103xb.o(.text)
    EXTI4_IRQHandler                         0x0800011b   Thumb Code     0  startup_stm32f103xb.o(.text)
    EXTI9_5_IRQHandler                       0x0800011b   Thumb Code     0  startup_stm32f103xb.o(.text)
    FLASH_IRQHandler                         0x0800011b   Thumb Code     0  startup_stm32f103xb.o(.text)
    I2C1_ER_IRQHandler                       0x0800011b   Thumb Code     0  startup_stm32f103xb.o(.text)
    I2C1_EV_IRQHandler                       0x0800011b   Thumb Code     0  startup_stm32f103xb.o(.text)
    I2C2_ER_IRQHandler                       0x0800011b   Thumb Code     0  startup_stm32f103xb.o(.text)
    I2C2_EV_IRQHandler                       0x0800011b   Thumb Code     0  startup_stm32f103xb.o(.text)
    PVD_IRQHandler                           0x0800011b   Thumb Code     0  startup_stm32f103xb.o(.text)
    RCC_IRQHandler                           0x0800011b   Thumb Code     0  startup_stm32f103xb.o(.text)
    RTC_Alarm_IRQHandler                     0x0800011b   Thumb Code     0  startup_stm32f103xb.o(.text)
    RTC_IRQHandler                           0x0800011b   Thumb Code     0  startup_stm32f103xb.o(.text)
    SPI1_IRQHandler                          0x0800011b   Thumb Code     0  startup_stm32f103xb.o(.text)
    SPI2_IRQHandler                          0x0800011b   Thumb Code     0  startup_stm32f103xb.o(.text)
    TAMPER_IRQHandler                        0x0800011b   Thumb Code     0  startup_stm32f103xb.o(.text)
    TIM1_BRK_IRQHandler                      0x0800011b   Thumb Code     0  startup_stm32f103xb.o(.text)
    TIM1_CC_IRQHandler                       0x0800011b   Thumb Code     0  startup_stm32f103xb.o(.text)
    TIM1_TRG_COM_IRQHandler                  0x0800011b   Thumb Code     0  startup_stm32f103xb.o(.text)
    TIM1_UP_IRQHandler                       0x0800011b   Thumb Code     0  startup_stm32f103xb.o(.text)
    TIM2_IRQHandler                          0x0800011b   Thumb Code     0  startup_stm32f103xb.o(.text)
    TIM3_IRQHandler                          0x0800011b   Thumb Code     0  startup_stm32f103xb.o(.text)
    TIM4_IRQHandler                          0x0800011b   Thumb Code     0  startup_stm32f103xb.o(.text)
    USART1_IRQHandler                        0x0800011b   Thumb Code     0  startup_stm32f103xb.o(.text)
    USART2_IRQHandler                        0x0800011b   Thumb Code     0  startup_stm32f103xb.o(.text)
    USART3_IRQHandler                        0x0800011b   Thumb Code     0  startup_stm32f103xb.o(.text)
    USBWakeUp_IRQHandler                     0x0800011b   Thumb Code     0  startup_stm32f103xb.o(.text)
    USB_HP_CAN1_TX_IRQHandler                0x0800011b   Thumb Code     0  startup_stm32f103xb.o(.text)
    WWDG_IRQHandler                          0x0800011b   Thumb Code     0  startup_stm32f103xb.o(.text)
    __aeabi_llsr                             0x08000125   Thumb Code    32  llushr.o(.text)
    _ll_ushift_r                             0x08000125   Thumb Code     0  llushr.o(.text)
    __aeabi_memcpy                           0x08000145   Thumb Code    36  memcpya.o(.text)
    __aeabi_memcpy4                          0x08000145   Thumb Code     0  memcpya.o(.text)
    __aeabi_memcpy8                          0x08000145   Thumb Code     0  memcpya.o(.text)
    __aeabi_memset                           0x08000169   Thumb Code    14  memseta.o(.text)
    __aeabi_memset4                          0x08000169   Thumb Code     0  memseta.o(.text)
    __aeabi_memset8                          0x08000169   Thumb Code     0  memseta.o(.text)
    __aeabi_memclr                           0x08000177   Thumb Code     4  memseta.o(.text)
    __aeabi_memclr4                          0x08000177   Thumb Code     0  memseta.o(.text)
    __aeabi_memclr8                          0x08000177   Thumb Code     0  memseta.o(.text)
    _memset$wrapper                          0x0800017b   Thumb Code    18  memseta.o(.text)
    strncpy                                  0x0800018d   Thumb Code    24  strncpy.o(.text)
    strlen                                   0x080001a5   Thumb Code    14  strlen.o(.text)
    strcpy                                   0x080001b3   Thumb Code    18  strcpy.o(.text)
    strncmp                                  0x080001c5   Thumb Code    30  strncmp.o(.text)
    atoi                                     0x080001e3   Thumb Code    26  atoi.o(.text)
    __aeabi_dadd                             0x080001fd   Thumb Code   322  dadd.o(.text)
    __aeabi_dsub                             0x0800033f   Thumb Code     6  dadd.o(.text)
    __aeabi_drsub                            0x08000345   Thumb Code     6  dadd.o(.text)
    __aeabi_ddiv                             0x0800034b   Thumb Code   222  ddiv.o(.text)
    __aeabi_i2f                              0x08000429   Thumb Code    18  fflti.o(.text)
    __aeabi_ui2d                             0x0800043b   Thumb Code    26  dfltui.o(.text)
    __aeabi_d2uiz                            0x08000455   Thumb Code    50  dfixui.o(.text)
    __aeabi_f2d                              0x08000487   Thumb Code    38  f2d.o(.text)
    __aeabi_cdcmpeq                          0x080004ad   Thumb Code     0  cdcmple.o(.text)
    __aeabi_cdcmple                          0x080004ad   Thumb Code    48  cdcmple.o(.text)
    __aeabi_llsl                             0x080004dd   Thumb Code    30  llshl.o(.text)
    _ll_shift_l                              0x080004dd   Thumb Code     0  llshl.o(.text)
    __aeabi_lasr                             0x080004fb   Thumb Code    36  llsshr.o(.text)
    _ll_sshift_r                             0x080004fb   Thumb Code     0  llsshr.o(.text)
    strtol                                   0x0800051f   Thumb Code   112  strtol.o(.text)
    __I$use$fp                               0x0800058f   Thumb Code     0  iusefp.o(.text)
    _float_round                             0x0800058f   Thumb Code    18  fepilogue.o(.text)
    _float_epilogue                          0x080005a1   Thumb Code    92  fepilogue.o(.text)
    _double_round                            0x080005fd   Thumb Code    30  depilogue.o(.text)
    _double_epilogue                         0x0800061b   Thumb Code   156  depilogue.o(.text)
    __scatterload                            0x080006b9   Thumb Code    28  init.o(.text)
    __scatterload_rt2                        0x080006b9   Thumb Code     0  init.o(.text)
    __rt_ctype_table                         0x080006dd   Thumb Code     4  ctype_o.o(.text)
    _strtoul                                 0x080006e5   Thumb Code   158  _strtoul.o(.text)
    _chval                                   0x08000783   Thumb Code    28  _chval.o(.text)
    __decompress                             0x0800079f   Thumb Code     0  __dczerorl2.o(.text)
    __decompress1                            0x0800079f   Thumb Code    86  __dczerorl2.o(.text)
    AL                                       0x080007f5   Thumb Code    26  sm_control.o(i.AL)
    APF                                      0x08000819   Thumb Code    78  main.o(i.APF)
    Aswitch                                  0x08000885   Thumb Code   356  main.o(i.Aswitch)
    BufferCheck                              0x080009e9   Thumb Code    52  usbd_cdc_if.o(i.BufferCheck)
    BusFault_Handler                         0x08000a21   Thumb Code     2  stm32f1xx_it.o(i.BusFault_Handler)
    CDC_Transmit_FS                          0x08000a79   Thumb Code    38  usbd_cdc_if.o(i.CDC_Transmit_FS)
    Change                                   0x08000aa5   Thumb Code   100  sm_control.o(i.Change)
    DL                                       0x08000b0d   Thumb Code    22  sm_control.o(i.DL)
    DR                                       0x08000b2d   Thumb Code    22  sm_control.o(i.DR)
    DRC                                      0x08000b4d   Thumb Code   174  main.o(i.DRC)
    Debug                                    0x08000c15   Thumb Code    20  usbd_cdc_if.o(i.Debug)
    DebugMon_Handler                         0x08000c29   Thumb Code     2  stm32f1xx_it.o(i.DebugMon_Handler)
    Dir                                      0x08000c2d   Thumb Code    44  sm_control.o(i.Dir)
    Error_Handler                            0x08000c5d   Thumb Code     2  main.o(i.Error_Handler)
    HAL_Delay                                0x08000c61   Thumb Code    32  stm32f1xx_hal.o(i.HAL_Delay)
    HAL_GPIO_ReadPin                         0x08000c85   Thumb Code    10  stm32f1xx_hal_gpio.o(i.HAL_GPIO_ReadPin)
    HAL_GPIO_WritePin                        0x08000c8f   Thumb Code    10  stm32f1xx_hal_gpio.o(i.HAL_GPIO_WritePin)
    HAL_GetTick                              0x08000c99   Thumb Code     6  stm32f1xx_hal.o(i.HAL_GetTick)
    HAL_IncTick                              0x08000ca5   Thumb Code    12  stm32f1xx_hal.o(i.HAL_IncTick)
    HAL_Init                                 0x08000cb5   Thumb Code    32  stm32f1xx_hal.o(i.HAL_Init)
    HAL_InitTick                             0x08000cd9   Thumb Code    54  stm32f1xx_hal.o(i.HAL_InitTick)
    HAL_MspInit                              0x08000d19   Thumb Code    52  stm32f1xx_hal_msp.o(i.HAL_MspInit)
    HAL_NVIC_EnableIRQ                       0x08000d55   Thumb Code    26  stm32f1xx_hal_cortex.o(i.HAL_NVIC_EnableIRQ)
    HAL_NVIC_SetPriority                     0x08000d71   Thumb Code    60  stm32f1xx_hal_cortex.o(i.HAL_NVIC_SetPriority)
    HAL_NVIC_SetPriorityGrouping             0x08000db1   Thumb Code    26  stm32f1xx_hal_cortex.o(i.HAL_NVIC_SetPriorityGrouping)
    HAL_PCDEx_PMAConfig                      0x08000dd5   Thumb Code    52  stm32f1xx_hal_pcd_ex.o(i.HAL_PCDEx_PMAConfig)
    HAL_PCDEx_SetConnectionState             0x08000e09   Thumb Code     2  usbd_conf.o(i.HAL_PCDEx_SetConnectionState)
    HAL_PCD_DataInStageCallback              0x08000e0b   Thumb Code    14  usbd_conf.o(i.HAL_PCD_DataInStageCallback)
    HAL_PCD_DataOutStageCallback             0x08000e19   Thumb Code    16  usbd_conf.o(i.HAL_PCD_DataOutStageCallback)
    HAL_PCD_EP_Close                         0x08000e29   Thumb Code    72  stm32f1xx_hal_pcd.o(i.HAL_PCD_EP_Close)
    HAL_PCD_EP_ClrStall                      0x08000e71   Thumb Code    88  stm32f1xx_hal_pcd.o(i.HAL_PCD_EP_ClrStall)
    HAL_PCD_EP_GetRxCount                    0x08000ec9   Thumb Code    14  stm32f1xx_hal_pcd.o(i.HAL_PCD_EP_GetRxCount)
    HAL_PCD_EP_Open                          0x08000ed7   Thumb Code    92  stm32f1xx_hal_pcd.o(i.HAL_PCD_EP_Open)
    HAL_PCD_EP_Receive                       0x08000f33   Thumb Code    46  stm32f1xx_hal_pcd.o(i.HAL_PCD_EP_Receive)
    HAL_PCD_EP_SetStall                      0x08000f61   Thumb Code   106  stm32f1xx_hal_pcd.o(i.HAL_PCD_EP_SetStall)
    HAL_PCD_EP_Transmit                      0x08000fcb   Thumb Code    42  stm32f1xx_hal_pcd.o(i.HAL_PCD_EP_Transmit)
    HAL_PCD_IRQHandler                       0x08000ff5   Thumb Code   278  stm32f1xx_hal_pcd.o(i.HAL_PCD_IRQHandler)
    HAL_PCD_Init                             0x0800110d   Thumb Code   210  stm32f1xx_hal_pcd.o(i.HAL_PCD_Init)
    HAL_PCD_MspInit                          0x080011e1   Thumb Code    50  usbd_conf.o(i.HAL_PCD_MspInit)
    HAL_PCD_ResetCallback                    0x0800121d   Thumb Code    38  usbd_conf.o(i.HAL_PCD_ResetCallback)
    HAL_PCD_ResumeCallback                   0x08001243   Thumb Code     8  usbd_conf.o(i.HAL_PCD_ResumeCallback)
    HAL_PCD_SOFCallback                      0x0800124b   Thumb Code     8  usbd_conf.o(i.HAL_PCD_SOFCallback)
    HAL_PCD_SetAddress                       0x08001253   Thumb Code    40  stm32f1xx_hal_pcd.o(i.HAL_PCD_SetAddress)
    HAL_PCD_SetupStageCallback               0x0800127b   Thumb Code    14  usbd_conf.o(i.HAL_PCD_SetupStageCallback)
    HAL_PCD_Start                            0x08001289   Thumb Code    50  stm32f1xx_hal_pcd.o(i.HAL_PCD_Start)
    HAL_PCD_SuspendCallback                  0x080012bd   Thumb Code    30  usbd_conf.o(i.HAL_PCD_SuspendCallback)
    HAL_RCCEx_PeriphCLKConfig                0x080012e1   Thumb Code   224  stm32f1xx_hal_rcc_ex.o(i.HAL_RCCEx_PeriphCLKConfig)
    HAL_RCC_ClockConfig                      0x080013cd   Thumb Code   280  stm32f1xx_hal_rcc.o(i.HAL_RCC_ClockConfig)
    HAL_RCC_GetSysClockFreq                  0x080014f9   Thumb Code    74  stm32f1xx_hal_rcc.o(i.HAL_RCC_GetSysClockFreq)
    HAL_RCC_OscConfig                        0x08001565   Thumb Code   778  stm32f1xx_hal_rcc.o(i.HAL_RCC_OscConfig)
    HAL_SYSTICK_Config                       0x08001885   Thumb Code    40  stm32f1xx_hal_cortex.o(i.HAL_SYSTICK_Config)
    HM                                       0x080018ad   Thumb Code    34  sm_control.o(i.HM)
    HMdc                                     0x080018d9   Thumb Code    50  sm_control.o(i.HMdc)
    HardFault_Handler                        0x08001919   Thumb Code     2  stm32f1xx_it.o(i.HardFault_Handler)
    MH                                       0x08001955   Thumb Code    34  sm_control.o(i.MH)
    MHdc                                     0x08001981   Thumb Code    38  sm_control.o(i.MHdc)
    ML                                       0x080019b5   Thumb Code    34  sm_control.o(i.ML)
    MLdc                                     0x080019e1   Thumb Code    38  sm_control.o(i.MLdc)
    MV                                       0x08001a15   Thumb Code    18  sm_control.o(i.MV)
    MVX                                      0x08001a31   Thumb Code    34  sm_control.o(i.MVX)
    MVXdc                                    0x08001a61   Thumb Code    66  sm_control.o(i.MVXdc)
    MX_USB_DEVICE_Init                       0x08001ab1   Thumb Code    66  usb_device.o(i.MX_USB_DEVICE_Init)
    MemManage_Handler                        0x08001b05   Thumb Code     2  stm32f1xx_it.o(i.MemManage_Handler)
    NMI_Handler                              0x08001b07   Thumb Code     2  stm32f1xx_it.o(i.NMI_Handler)
    NoInterrupt                              0x08001b09   Thumb Code    52  main.o(i.NoInterrupt)
    PendSV_Handler                           0x08001e03   Thumb Code     2  stm32f1xx_it.o(i.PendSV_Handler)
    RS                                       0x08001e05   Thumb Code    24  sm_control.o(i.RS)
    ReadNum                                  0x08001e25   Thumb Code    80  main.o(i.ReadNum)
    SD                                       0x08001e75   Thumb Code    26  sm_control.o(i.SD)
    SP                                       0x08001e99   Thumb Code    20  sm_control.o(i.SP)
    SPdc                                     0x08001eb1   Thumb Code    60  sm_control.o(i.SPdc)
    SS                                       0x08001ef5   Thumb Code    24  sm_control.o(i.SS)
    SVC_Handler                              0x08001f15   Thumb Code     2  stm32f1xx_it.o(i.SVC_Handler)
    Step                                     0x08001f19   Thumb Code    88  sm_control.o(i.Step)
    SysTick_Handler                          0x08001f81   Thumb Code     4  stm32f1xx_it.o(i.SysTick_Handler)
    SystemClock_Config                       0x08001f85   Thumb Code    96  main.o(i.SystemClock_Config)
    SystemInit                               0x08001fe5   Thumb Code    56  system_stm32f1xx.o(i.SystemInit)
    USBD_CDC_GetDeviceQualifierDescriptor    0x08002109   Thumb Code     8  usbd_cdc.o(i.USBD_CDC_GetDeviceQualifierDescriptor)
    USBD_CDC_ReceivePacket                   0x080021cd   Thumb Code    40  usbd_cdc.o(i.USBD_CDC_ReceivePacket)
    USBD_CDC_RegisterInterface               0x080021f5   Thumb Code    16  usbd_cdc.o(i.USBD_CDC_RegisterInterface)
    USBD_CDC_SetRxBuffer                     0x08002205   Thumb Code    12  usbd_cdc.o(i.USBD_CDC_SetRxBuffer)
    USBD_CDC_SetTxBuffer                     0x08002211   Thumb Code    16  usbd_cdc.o(i.USBD_CDC_SetTxBuffer)
    USBD_CDC_TransmitPacket                  0x080022cd   Thumb Code    54  usbd_cdc.o(i.USBD_CDC_TransmitPacket)
    USBD_ClrClassConfig                      0x08002303   Thumb Code    14  usbd_core.o(i.USBD_ClrClassConfig)
    USBD_CtlContinueRx                       0x08002311   Thumb Code    16  usbd_ioreq.o(i.USBD_CtlContinueRx)
    USBD_CtlContinueSendData                 0x08002321   Thumb Code    16  usbd_ioreq.o(i.USBD_CtlContinueSendData)
    USBD_CtlError                            0x08002331   Thumb Code    22  usbd_ctlreq.o(i.USBD_CtlError)
    USBD_CtlPrepareRx                        0x08002347   Thumb Code    30  usbd_ioreq.o(i.USBD_CtlPrepareRx)
    USBD_CtlReceiveStatus                    0x08002365   Thumb Code    22  usbd_ioreq.o(i.USBD_CtlReceiveStatus)
    USBD_CtlSendData                         0x0800237b   Thumb Code    26  usbd_ioreq.o(i.USBD_CtlSendData)
    USBD_CtlSendStatus                       0x08002395   Thumb Code    22  usbd_ioreq.o(i.USBD_CtlSendStatus)
    USBD_FS_ConfigStrDescriptor              0x080023ad   Thumb Code    16  usbd_desc.o(i.USBD_FS_ConfigStrDescriptor)
    USBD_FS_DeviceDescriptor                 0x080023cd   Thumb Code     8  usbd_desc.o(i.USBD_FS_DeviceDescriptor)
    USBD_FS_InterfaceStrDescriptor           0x080023d9   Thumb Code    16  usbd_desc.o(i.USBD_FS_InterfaceStrDescriptor)
    USBD_FS_LangIDStrDescriptor              0x080023fd   Thumb Code     8  usbd_desc.o(i.USBD_FS_LangIDStrDescriptor)
    USBD_FS_ManufacturerStrDescriptor        0x08002409   Thumb Code    16  usbd_desc.o(i.USBD_FS_ManufacturerStrDescriptor)
    USBD_FS_ProductStrDescriptor             0x08002431   Thumb Code    16  usbd_desc.o(i.USBD_FS_ProductStrDescriptor)
    USBD_FS_SerialStrDescriptor              0x0800245d   Thumb Code    48  usbd_desc.o(i.USBD_FS_SerialStrDescriptor)
    USBD_GetString                           0x0800257d   Thumb Code    72  usbd_ctlreq.o(i.USBD_GetString)
    USBD_Init                                0x080025dd   Thumb Code    42  usbd_core.o(i.USBD_Init)
    USBD_LL_ClearStallEP                     0x08002607   Thumb Code    18  usbd_conf.o(i.USBD_LL_ClearStallEP)
    USBD_LL_CloseEP                          0x08002619   Thumb Code    18  usbd_conf.o(i.USBD_LL_CloseEP)
    USBD_LL_DataInStage                      0x0800262b   Thumb Code   198  usbd_core.o(i.USBD_LL_DataInStage)
    USBD_LL_DataOutStage                     0x080026f1   Thumb Code   130  usbd_core.o(i.USBD_LL_DataOutStage)
    USBD_LL_GetRxDataSize                    0x08002773   Thumb Code     8  usbd_conf.o(i.USBD_LL_GetRxDataSize)
    USBD_LL_Init                             0x0800277d   Thumb Code   118  usbd_conf.o(i.USBD_LL_Init)
    USBD_LL_IsStallEP                        0x080027fd   Thumb Code    28  usbd_conf.o(i.USBD_LL_IsStallEP)
    USBD_LL_OpenEP                           0x08002819   Thumb Code    24  usbd_conf.o(i.USBD_LL_OpenEP)
    USBD_LL_PrepareReceive                   0x08002831   Thumb Code    18  usbd_conf.o(i.USBD_LL_PrepareReceive)
    USBD_LL_Reset                            0x08002843   Thumb Code    80  usbd_core.o(i.USBD_LL_Reset)
    USBD_LL_Resume                           0x08002893   Thumb Code    20  usbd_core.o(i.USBD_LL_Resume)
    USBD_LL_SOF                              0x080028a7   Thumb Code    24  usbd_core.o(i.USBD_LL_SOF)
    USBD_LL_SetSpeed                         0x080028bf   Thumb Code     6  usbd_core.o(i.USBD_LL_SetSpeed)
    USBD_LL_SetUSBAddress                    0x080028c5   Thumb Code    18  usbd_conf.o(i.USBD_LL_SetUSBAddress)
    USBD_LL_SetupStage                       0x080028d7   Thumb Code    90  usbd_core.o(i.USBD_LL_SetupStage)
    USBD_LL_StallEP                          0x08002931   Thumb Code    18  usbd_conf.o(i.USBD_LL_StallEP)
    USBD_LL_Start                            0x08002943   Thumb Code    18  usbd_conf.o(i.USBD_LL_Start)
    USBD_LL_Suspend                          0x08002955   Thumb Code    18  usbd_core.o(i.USBD_LL_Suspend)
    USBD_LL_Transmit                         0x08002967   Thumb Code    18  usbd_conf.o(i.USBD_LL_Transmit)
    USBD_ParseSetupRequest                   0x08002979   Thumb Code    40  usbd_ctlreq.o(i.USBD_ParseSetupRequest)
    USBD_RegisterClass                       0x080029a1   Thumb Code    16  usbd_core.o(i.USBD_RegisterClass)
    USBD_SetClassConfig                      0x080029b1   Thumb Code    22  usbd_core.o(i.USBD_SetClassConfig)
    USBD_Start                               0x08002a4d   Thumb Code    10  usbd_core.o(i.USBD_Start)
    USBD_StdDevReq                           0x08002a57   Thumb Code   274  usbd_ctlreq.o(i.USBD_StdDevReq)
    USBD_StdEPReq                            0x08002b69   Thumb Code   336  usbd_ctlreq.o(i.USBD_StdEPReq)
    USBD_StdItfReq                           0x08002cb9   Thumb Code    78  usbd_ctlreq.o(i.USBD_StdItfReq)
    USBD_static_free                         0x08002d07   Thumb Code     2  usbd_conf.o(i.USBD_static_free)
    USBD_static_malloc                       0x08002d09   Thumb Code     4  usbd_conf.o(i.USBD_static_malloc)
    USB_ActivateEndpoint                     0x08002d11   Thumb Code   614  stm32f1xx_ll_usb.o(i.USB_ActivateEndpoint)
    USB_CoreInit                             0x08002f77   Thumb Code     4  stm32f1xx_ll_usb.o(i.USB_CoreInit)
    USB_DeactivateEndpoint                   0x08002f7b   Thumb Code   270  stm32f1xx_ll_usb.o(i.USB_DeactivateEndpoint)
    USB_DevConnect                           0x08003089   Thumb Code     4  stm32f1xx_ll_usb.o(i.USB_DevConnect)
    USB_DevDisconnect                        0x0800308d   Thumb Code     4  stm32f1xx_ll_usb.o(i.USB_DevDisconnect)
    USB_DevInit                              0x08003091   Thumb Code    30  stm32f1xx_ll_usb.o(i.USB_DevInit)
    USB_DisableGlobalInt                     0x080030af   Thumb Code    14  stm32f1xx_ll_usb.o(i.USB_DisableGlobalInt)
    USB_EP0_OutStart                         0x080030bd   Thumb Code     4  stm32f1xx_ll_usb.o(i.USB_EP0_OutStart)
    USB_EPClearStall                         0x080030c1   Thumb Code   120  stm32f1xx_ll_usb.o(i.USB_EPClearStall)
    USB_EPSetStall                           0x08003139   Thumb Code    50  stm32f1xx_ll_usb.o(i.USB_EPSetStall)
    USB_EPStartXfer                          0x0800316b   Thumb Code   412  stm32f1xx_ll_usb.o(i.USB_EPStartXfer)
    USB_EnableGlobalInt                      0x08003307   Thumb Code    14  stm32f1xx_ll_usb.o(i.USB_EnableGlobalInt)
    USB_LP_CAN1_RX0_IRQHandler               0x08003315   Thumb Code     6  stm32f1xx_it.o(i.USB_LP_CAN1_RX0_IRQHandler)
    USB_ReadInterrupts                       0x08003321   Thumb Code     6  stm32f1xx_ll_usb.o(i.USB_ReadInterrupts)
    USB_ReadPMA                              0x08003329   Thumb Code    44  stm32f1xx_ll_usb.o(i.USB_ReadPMA)
    USB_SetCurrentMode                       0x08003355   Thumb Code     4  stm32f1xx_ll_usb.o(i.USB_SetCurrentMode)
    USB_SetDevAddress                        0x08003359   Thumb Code    12  stm32f1xx_ll_usb.o(i.USB_SetDevAddress)
    USB_WritePMA                             0x08003365   Thumb Code    38  stm32f1xx_ll_usb.o(i.USB_WritePMA)
    UsageFault_Handler                       0x0800338b   Thumb Code     2  stm32f1xx_it.o(i.UsageFault_Handler)
    Write                                    0x0800338d   Thumb Code    20  usbd_cdc_if.o(i.Write)
    __aeabi_errno_addr                       0x080033c1   Thumb Code     4  errno.o(i.__aeabi_errno_addr)
    __rt_errno_addr                          0x080033c1   Thumb Code     0  errno.o(i.__aeabi_errno_addr)
    __scatterload_copy                       0x080033c9   Thumb Code    14  handlers.o(i.__scatterload_copy)
    __scatterload_null                       0x080033d7   Thumb Code     2  handlers.o(i.__scatterload_null)
    __scatterload_zeroinit                   0x080033d9   Thumb Code    14  handlers.o(i.__scatterload_zeroinit)
    main                                     0x080033e9   Thumb Code   126  main.o(i.main)
    AHBPrescTable                            0x080034a0   Data          16  system_stm32f1xx.o(.constdata)
    __ctype_table                            0x080034b0   Data         129  ctype_o.o(.constdata)
    Region$$Table$$Base                      0x080035a8   Number         0  anon$$obj.o(Region$$Table)
    Region$$Table$$Limit                     0x080035c8   Number         0  anon$$obj.o(Region$$Table)
    FS_Desc                                  0x20000000   Data          28  usbd_desc.o(.data)
    USBD_LangIDDesc                          0x2000001c   Data           4  usbd_desc.o(.data)
    USBD_FS_DeviceDesc                       0x20000020   Data          18  usbd_desc.o(.data)
    USBD_StringSerial                        0x20000034   Data          26  usbd_desc.o(.data)
    USBD_Interface_fops_FS                   0x20000050   Data          16  usbd_cdc_if.o(.data)
    dir                                      0x20000060   Data           1  sm_control.o(.data)
    SPin                                     0x20000062   Data           2  sm_control.o(.data)
    DPin                                     0x20000064   Data           2  sm_control.o(.data)
    Pin1                                     0x20000066   Data           2  sm_control.o(.data)
    Pin2                                     0x20000068   Data           2  sm_control.o(.data)
    Pin3                                     0x2000006a   Data           2  sm_control.o(.data)
    al                                       0x2000006c   Data           2  sm_control.o(.data)
    ss                                       0x2000006e   Data           2  sm_control.o(.data)
    sd                                       0x20000070   Data           2  sm_control.o(.data)
    cs                                       0x20000072   Data           2  sm_control.o(.data)
    SPinSer                                  0x20000074   Data           4  sm_control.o(.data)
    DPinSer                                  0x20000078   Data           4  sm_control.o(.data)
    Pin1Ser                                  0x2000007c   Data           4  sm_control.o(.data)
    Pin2Ser                                  0x20000080   Data           4  sm_control.o(.data)
    Pin3Ser                                  0x20000084   Data           4  sm_control.o(.data)
    uwTickFreq                               0x20000088   Data           1  stm32f1xx_hal.o(.data)
    uwTickPrio                               0x2000008c   Data           4  stm32f1xx_hal.o(.data)
    uwTick                                   0x20000090   Data           4  stm32f1xx_hal.o(.data)
    SystemCoreClock                          0x20000094   Data           4  system_stm32f1xx.o(.data)
    USBD_CDC_CfgHSDesc                       0x200000a8   Data          67  usbd_cdc.o(.data)
    USBD_CDC_CfgFSDesc                       0x200000ec   Data          67  usbd_cdc.o(.data)
    USBD_CDC_OtherSpeedCfgDesc               0x20000130   Data          67  usbd_cdc.o(.data)
    USBD_CDC                                 0x20000174   Data          56  usbd_cdc.o(.data)
    hUsbDeviceFS                             0x200001b0   Data         708  usb_device.o(.bss)
    hpcd_USB_FS                              0x20000694   Data         620  usbd_conf.o(.bss)
    USBD_StrDesc                             0x20000900   Data         512  usbd_desc.o(.bss)
    UserRxBufferFS                           0x20000b00   Data        1000  usbd_cdc_if.o(.bss)
    UserTxBufferFS                           0x20000ee8   Data        1000  usbd_cdc_if.o(.bss)
    __initial_sp                             0x200016d0   Data           0  startup_stm32f103xb.o(STACK)



==============================================================================

Memory Map of the image

  Image Entry point : 0x080000ed

  Load Region LR_IROM1 (Base: 0x08000000, Size: 0x00003778, Max: 0x00010000, ABSOLUTE, COMPRESSED[0x000036a0])

    Execution Region ER_IROM1 (Exec base: 0x08000000, Load base: 0x08000000, Size: 0x000035c8, Max: 0x00010000, ABSOLUTE)

    Exec Addr    Load Addr    Size         Type   Attr      Idx    E Section Name        Object

    0x08000000   0x08000000   0x000000ec   Data   RO            3    RESET               startup_stm32f103xb.o
    0x080000ec   0x080000ec   0x00000000   Code   RO         2794  * .ARM.Collect$$$$00000000  mc_w.l(entry.o)
    0x080000ec   0x080000ec   0x00000004   Code   RO         2829    .ARM.Collect$$$$00000001  mc_w.l(entry2.o)
    0x080000f0   0x080000f0   0x00000004   Code   RO         2832    .ARM.Collect$$$$00000004  mc_w.l(entry5.o)
    0x080000f4   0x080000f4   0x00000000   Code   RO         2834    .ARM.Collect$$$$00000008  mc_w.l(entry7b.o)
    0x080000f4   0x080000f4   0x00000000   Code   RO         2836    .ARM.Collect$$$$0000000A  mc_w.l(entry8b.o)
    0x080000f4   0x080000f4   0x00000008   Code   RO         2837    .ARM.Collect$$$$0000000B  mc_w.l(entry9a.o)
    0x080000fc   0x080000fc   0x00000000   Code   RO         2839    .ARM.Collect$$$$0000000D  mc_w.l(entry10a.o)
    0x080000fc   0x080000fc   0x00000000   Code   RO         2841    .ARM.Collect$$$$0000000F  mc_w.l(entry11a.o)
    0x080000fc   0x080000fc   0x00000004   Code   RO         2830    .ARM.Collect$$$$00002712  mc_w.l(entry2.o)
    0x08000100   0x08000100   0x00000024   Code   RO            4    .text               startup_stm32f103xb.o
    0x08000124   0x08000124   0x00000020   Code   RO         2797    .text               mc_w.l(llushr.o)
    0x08000144   0x08000144   0x00000024   Code   RO         2799    .text               mc_w.l(memcpya.o)
    0x08000168   0x08000168   0x00000024   Code   RO         2801    .text               mc_w.l(memseta.o)
    0x0800018c   0x0800018c   0x00000018   Code   RO         2803    .text               mc_w.l(strncpy.o)
    0x080001a4   0x080001a4   0x0000000e   Code   RO         2805    .text               mc_w.l(strlen.o)
    0x080001b2   0x080001b2   0x00000012   Code   RO         2807    .text               mc_w.l(strcpy.o)
    0x080001c4   0x080001c4   0x0000001e   Code   RO         2809    .text               mc_w.l(strncmp.o)
    0x080001e2   0x080001e2   0x0000001a   Code   RO         2813    .text               mc_w.l(atoi.o)
    0x080001fc   0x080001fc   0x0000014e   Code   RO         2815    .text               mf_w.l(dadd.o)
    0x0800034a   0x0800034a   0x000000de   Code   RO         2817    .text               mf_w.l(ddiv.o)
    0x08000428   0x08000428   0x00000012   Code   RO         2819    .text               mf_w.l(fflti.o)
    0x0800043a   0x0800043a   0x0000001a   Code   RO         2821    .text               mf_w.l(dfltui.o)
    0x08000454   0x08000454   0x00000032   Code   RO         2823    .text               mf_w.l(dfixui.o)
    0x08000486   0x08000486   0x00000026   Code   RO         2825    .text               mf_w.l(f2d.o)
    0x080004ac   0x080004ac   0x00000030   Code   RO         2827    .text               mf_w.l(cdcmple.o)
    0x080004dc   0x080004dc   0x0000001e   Code   RO         2843    .text               mc_w.l(llshl.o)
    0x080004fa   0x080004fa   0x00000024   Code   RO         2845    .text               mc_w.l(llsshr.o)
    0x0800051e   0x0800051e   0x00000070   Code   RO         2854    .text               mc_w.l(strtol.o)
    0x0800058e   0x0800058e   0x00000000   Code   RO         2856    .text               mc_w.l(iusefp.o)
    0x0800058e   0x0800058e   0x0000006e   Code   RO         2857    .text               mf_w.l(fepilogue.o)
    0x080005fc   0x080005fc   0x000000ba   Code   RO         2859    .text               mf_w.l(depilogue.o)
    0x080006b6   0x080006b6   0x00000002   PAD
    0x080006b8   0x080006b8   0x00000024   Code   RO         2861    .text               mc_w.l(init.o)
    0x080006dc   0x080006dc   0x00000008   Code   RO         2863    .text               mc_w.l(ctype_o.o)
    0x080006e4   0x080006e4   0x0000009e   Code   RO         2891    .text               mc_w.l(_strtoul.o)
    0x08000782   0x08000782   0x0000001c   Code   RO         2893    .text               mc_w.l(_chval.o)
    0x0800079e   0x0800079e   0x00000056   Code   RO         2903    .text               mc_w.l(__dczerorl2.o)
    0x080007f4   0x080007f4   0x00000024   Code   RO          730    i.AL                sm_control.o
    0x08000818   0x08000818   0x0000006c   Code   RO           13    i.APF               main.o
    0x08000884   0x08000884   0x00000164   Code   RO           15    i.Aswitch           main.o
    0x080009e8   0x080009e8   0x00000038   Code   RO          549    i.BufferCheck       usbd_cdc_if.o
    0x08000a20   0x08000a20   0x00000002   Code   RO          624    i.BusFault_Handler  stm32f1xx_it.o
    0x08000a22   0x08000a22   0x00000004   Code   RO          550    i.CDC_Control_FS    usbd_cdc_if.o
    0x08000a26   0x08000a26   0x00000004   Code   RO          551    i.CDC_DeInit_FS     usbd_cdc_if.o
    0x08000a2a   0x08000a2a   0x00000002   PAD
    0x08000a2c   0x08000a2c   0x00000024   Code   RO          552    i.CDC_Init_FS       usbd_cdc_if.o
    0x08000a50   0x08000a50   0x00000028   Code   RO          553    i.CDC_Receive_FS    usbd_cdc_if.o
    0x08000a78   0x08000a78   0x0000002c   Code   RO          554    i.CDC_Transmit_FS   usbd_cdc_if.o
    0x08000aa4   0x08000aa4   0x00000068   Code   RO          731    i.Change            sm_control.o
    0x08000b0c   0x08000b0c   0x00000020   Code   RO          732    i.DL                sm_control.o
    0x08000b2c   0x08000b2c   0x00000020   Code   RO          733    i.DR                sm_control.o
    0x08000b4c   0x08000b4c   0x000000c8   Code   RO           16    i.DRC               main.o
    0x08000c14   0x08000c14   0x00000014   Code   RO          556    i.Debug             usbd_cdc_if.o
    0x08000c28   0x08000c28   0x00000002   Code   RO          625    i.DebugMon_Handler  stm32f1xx_it.o
    0x08000c2a   0x08000c2a   0x00000002   PAD
    0x08000c2c   0x08000c2c   0x00000030   Code   RO          734    i.Dir               sm_control.o
    0x08000c5c   0x08000c5c   0x00000002   Code   RO           17    i.Error_Handler     main.o
    0x08000c5e   0x08000c5e   0x00000002   PAD
    0x08000c60   0x08000c60   0x00000024   Code   RO         1422    i.HAL_Delay         stm32f1xx_hal.o
    0x08000c84   0x08000c84   0x0000000a   Code   RO         1732    i.HAL_GPIO_ReadPin  stm32f1xx_hal_gpio.o
    0x08000c8e   0x08000c8e   0x0000000a   Code   RO         1734    i.HAL_GPIO_WritePin  stm32f1xx_hal_gpio.o
    0x08000c98   0x08000c98   0x0000000c   Code   RO         1426    i.HAL_GetTick       stm32f1xx_hal.o
    0x08000ca4   0x08000ca4   0x00000010   Code   RO         1432    i.HAL_IncTick       stm32f1xx_hal.o
    0x08000cb4   0x08000cb4   0x00000024   Code   RO         1433    i.HAL_Init          stm32f1xx_hal.o
    0x08000cd8   0x08000cd8   0x00000040   Code   RO         1434    i.HAL_InitTick      stm32f1xx_hal.o
    0x08000d18   0x08000d18   0x0000003c   Code   RO          706    i.HAL_MspInit       stm32f1xx_hal_msp.o
    0x08000d54   0x08000d54   0x0000001a   Code   RO         1890    i.HAL_NVIC_EnableIRQ  stm32f1xx_hal_cortex.o
    0x08000d6e   0x08000d6e   0x00000002   PAD
    0x08000d70   0x08000d70   0x00000040   Code   RO         1896    i.HAL_NVIC_SetPriority  stm32f1xx_hal_cortex.o
    0x08000db0   0x08000db0   0x00000024   Code   RO         1897    i.HAL_NVIC_SetPriorityGrouping  stm32f1xx_hal_cortex.o
    0x08000dd4   0x08000dd4   0x00000034   Code   RO         1142    i.HAL_PCDEx_PMAConfig  stm32f1xx_hal_pcd_ex.o
    0x08000e08   0x08000e08   0x00000002   Code   RO          251    i.HAL_PCDEx_SetConnectionState  usbd_conf.o
    0x08000e0a   0x08000e0a   0x0000000e   Code   RO          253    i.HAL_PCD_DataInStageCallback  usbd_conf.o
    0x08000e18   0x08000e18   0x00000010   Code   RO          254    i.HAL_PCD_DataOutStageCallback  usbd_conf.o
    0x08000e28   0x08000e28   0x00000048   Code   RO          934    i.HAL_PCD_EP_Close  stm32f1xx_hal_pcd.o
    0x08000e70   0x08000e70   0x00000058   Code   RO          935    i.HAL_PCD_EP_ClrStall  stm32f1xx_hal_pcd.o
    0x08000ec8   0x08000ec8   0x0000000e   Code   RO          937    i.HAL_PCD_EP_GetRxCount  stm32f1xx_hal_pcd.o
    0x08000ed6   0x08000ed6   0x0000005c   Code   RO          938    i.HAL_PCD_EP_Open   stm32f1xx_hal_pcd.o
    0x08000f32   0x08000f32   0x0000002e   Code   RO          939    i.HAL_PCD_EP_Receive  stm32f1xx_hal_pcd.o
    0x08000f60   0x08000f60   0x0000006a   Code   RO          940    i.HAL_PCD_EP_SetStall  stm32f1xx_hal_pcd.o
    0x08000fca   0x08000fca   0x0000002a   Code   RO          941    i.HAL_PCD_EP_Transmit  stm32f1xx_hal_pcd.o
    0x08000ff4   0x08000ff4   0x00000116   Code   RO          943    i.HAL_PCD_IRQHandler  stm32f1xx_hal_pcd.o
    0x0800110a   0x0800110a   0x00000002   PAD
    0x0800110c   0x0800110c   0x000000d2   Code   RO          946    i.HAL_PCD_Init      stm32f1xx_hal_pcd.o
    0x080011de   0x080011de   0x00000002   PAD
    0x080011e0   0x080011e0   0x0000003c   Code   RO          259    i.HAL_PCD_MspInit   usbd_conf.o
    0x0800121c   0x0800121c   0x00000026   Code   RO          260    i.HAL_PCD_ResetCallback  usbd_conf.o
    0x08001242   0x08001242   0x00000008   Code   RO          261    i.HAL_PCD_ResumeCallback  usbd_conf.o
    0x0800124a   0x0800124a   0x00000008   Code   RO          262    i.HAL_PCD_SOFCallback  usbd_conf.o
    0x08001252   0x08001252   0x00000028   Code   RO          952    i.HAL_PCD_SetAddress  stm32f1xx_hal_pcd.o
    0x0800127a   0x0800127a   0x0000000e   Code   RO          263    i.HAL_PCD_SetupStageCallback  usbd_conf.o
    0x08001288   0x08001288   0x00000032   Code   RO          954    i.HAL_PCD_Start     stm32f1xx_hal_pcd.o
    0x080012ba   0x080012ba   0x00000002   PAD
    0x080012bc   0x080012bc   0x00000024   Code   RO          264    i.HAL_PCD_SuspendCallback  usbd_conf.o
    0x080012e0   0x080012e0   0x000000ec   Code   RO         1693    i.HAL_RCCEx_PeriphCLKConfig  stm32f1xx_hal_rcc_ex.o
    0x080013cc   0x080013cc   0x0000012c   Code   RO         1590    i.HAL_RCC_ClockConfig  stm32f1xx_hal_rcc.o
    0x080014f8   0x080014f8   0x0000006c   Code   RO         1599    i.HAL_RCC_GetSysClockFreq  stm32f1xx_hal_rcc.o
    0x08001564   0x08001564   0x00000320   Code   RO         1602    i.HAL_RCC_OscConfig  stm32f1xx_hal_rcc.o
    0x08001884   0x08001884   0x00000028   Code   RO         1901    i.HAL_SYSTICK_Config  stm32f1xx_hal_cortex.o
    0x080018ac   0x080018ac   0x0000002c   Code   RO          735    i.HM                sm_control.o
    0x080018d8   0x080018d8   0x00000040   Code   RO          736    i.HMdc              sm_control.o
    0x08001918   0x08001918   0x00000002   Code   RO          626    i.HardFault_Handler  stm32f1xx_it.o
    0x0800191a   0x0800191a   0x00000002   PAD
    0x0800191c   0x0800191c   0x00000038   Code   RO          463    i.IntToUnicode      usbd_desc.o
    0x08001954   0x08001954   0x0000002c   Code   RO          737    i.MH                sm_control.o
    0x08001980   0x08001980   0x00000034   Code   RO          738    i.MHdc              sm_control.o
    0x080019b4   0x080019b4   0x0000002c   Code   RO          739    i.ML                sm_control.o
    0x080019e0   0x080019e0   0x00000034   Code   RO          740    i.MLdc              sm_control.o
    0x08001a14   0x08001a14   0x0000001c   Code   RO          741    i.MV                sm_control.o
    0x08001a30   0x08001a30   0x00000030   Code   RO          742    i.MVX               sm_control.o
    0x08001a60   0x08001a60   0x00000050   Code   RO          743    i.MVXdc             sm_control.o
    0x08001ab0   0x08001ab0   0x00000054   Code   RO          220    i.MX_USB_DEVICE_Init  usb_device.o
    0x08001b04   0x08001b04   0x00000002   Code   RO          627    i.MemManage_Handler  stm32f1xx_it.o
    0x08001b06   0x08001b06   0x00000002   Code   RO          628    i.NMI_Handler       stm32f1xx_it.o
    0x08001b08   0x08001b08   0x00000038   Code   RO           18    i.NoInterrupt       main.o
    0x08001b40   0x08001b40   0x000002c2   Code   RO          957    i.PCD_EP_ISR_Handler  stm32f1xx_hal_pcd.o
    0x08001e02   0x08001e02   0x00000002   Code   RO          629    i.PendSV_Handler    stm32f1xx_it.o
    0x08001e04   0x08001e04   0x00000020   Code   RO          745    i.RS                sm_control.o
    0x08001e24   0x08001e24   0x00000050   Code   RO           20    i.ReadNum           main.o
    0x08001e74   0x08001e74   0x00000024   Code   RO          746    i.SD                sm_control.o
    0x08001e98   0x08001e98   0x00000018   Code   RO          747    i.SP                sm_control.o
    0x08001eb0   0x08001eb0   0x00000044   Code   RO          748    i.SPdc              sm_control.o
    0x08001ef4   0x08001ef4   0x00000020   Code   RO          749    i.SS                sm_control.o
    0x08001f14   0x08001f14   0x00000002   Code   RO          630    i.SVC_Handler       stm32f1xx_it.o
    0x08001f16   0x08001f16   0x00000002   PAD
    0x08001f18   0x08001f18   0x00000068   Code   RO          750    i.Step              sm_control.o
    0x08001f80   0x08001f80   0x00000004   Code   RO          631    i.SysTick_Handler   stm32f1xx_it.o
    0x08001f84   0x08001f84   0x00000060   Code   RO           21    i.SystemClock_Config  main.o
    0x08001fe4   0x08001fe4   0x00000048   Code   RO         2391    i.SystemInit        system_stm32f1xx.o
    0x0800202c   0x0800202c   0x00000046   Code   RO         2691    i.USBD_CDC_DataIn   usbd_cdc.o
    0x08002072   0x08002072   0x0000002e   Code   RO         2692    i.USBD_CDC_DataOut  usbd_cdc.o
    0x080020a0   0x080020a0   0x00000044   Code   RO         2693    i.USBD_CDC_DeInit   usbd_cdc.o
    0x080020e4   0x080020e4   0x00000024   Code   RO         2694    i.USBD_CDC_EP0_RxReady  usbd_cdc.o
    0x08002108   0x08002108   0x0000000c   Code   RO         2695    i.USBD_CDC_GetDeviceQualifierDescriptor  usbd_cdc.o
    0x08002114   0x08002114   0x0000000c   Code   RO         2696    i.USBD_CDC_GetFSCfgDesc  usbd_cdc.o
    0x08002120   0x08002120   0x0000000c   Code   RO         2697    i.USBD_CDC_GetHSCfgDesc  usbd_cdc.o
    0x0800212c   0x0800212c   0x0000000c   Code   RO         2698    i.USBD_CDC_GetOtherSpeedCfgDesc  usbd_cdc.o
    0x08002138   0x08002138   0x00000094   Code   RO         2699    i.USBD_CDC_Init     usbd_cdc.o
    0x080021cc   0x080021cc   0x00000028   Code   RO         2700    i.USBD_CDC_ReceivePacket  usbd_cdc.o
    0x080021f4   0x080021f4   0x00000010   Code   RO         2701    i.USBD_CDC_RegisterInterface  usbd_cdc.o
    0x08002204   0x08002204   0x0000000c   Code   RO         2702    i.USBD_CDC_SetRxBuffer  usbd_cdc.o
    0x08002210   0x08002210   0x00000010   Code   RO         2703    i.USBD_CDC_SetTxBuffer  usbd_cdc.o
    0x08002220   0x08002220   0x000000ac   Code   RO         2704    i.USBD_CDC_Setup    usbd_cdc.o
    0x080022cc   0x080022cc   0x00000036   Code   RO         2705    i.USBD_CDC_TransmitPacket  usbd_cdc.o
    0x08002302   0x08002302   0x0000000e   Code   RO         2428    i.USBD_ClrClassConfig  usbd_core.o
    0x08002310   0x08002310   0x00000010   Code   RO         2631    i.USBD_CtlContinueRx  usbd_ioreq.o
    0x08002320   0x08002320   0x00000010   Code   RO         2632    i.USBD_CtlContinueSendData  usbd_ioreq.o
    0x08002330   0x08002330   0x00000016   Code   RO         2566    i.USBD_CtlError     usbd_ctlreq.o
    0x08002346   0x08002346   0x0000001e   Code   RO         2633    i.USBD_CtlPrepareRx  usbd_ioreq.o
    0x08002364   0x08002364   0x00000016   Code   RO         2634    i.USBD_CtlReceiveStatus  usbd_ioreq.o
    0x0800237a   0x0800237a   0x0000001a   Code   RO         2635    i.USBD_CtlSendData  usbd_ioreq.o
    0x08002394   0x08002394   0x00000016   Code   RO         2636    i.USBD_CtlSendStatus  usbd_ioreq.o
    0x080023aa   0x080023aa   0x00000002   PAD
    0x080023ac   0x080023ac   0x00000020   Code   RO          464    i.USBD_FS_ConfigStrDescriptor  usbd_desc.o
    0x080023cc   0x080023cc   0x0000000c   Code   RO          465    i.USBD_FS_DeviceDescriptor  usbd_desc.o
    0x080023d8   0x080023d8   0x00000024   Code   RO          466    i.USBD_FS_InterfaceStrDescriptor  usbd_desc.o
    0x080023fc   0x080023fc   0x0000000c   Code   RO          467    i.USBD_FS_LangIDStrDescriptor  usbd_desc.o
    0x08002408   0x08002408   0x00000028   Code   RO          468    i.USBD_FS_ManufacturerStrDescriptor  usbd_desc.o
    0x08002430   0x08002430   0x0000002c   Code   RO          469    i.USBD_FS_ProductStrDescriptor  usbd_desc.o
    0x0800245c   0x0800245c   0x00000038   Code   RO          470    i.USBD_FS_SerialStrDescriptor  usbd_desc.o
    0x08002494   0x08002494   0x000000e8   Code   RO         2567    i.USBD_GetDescriptor  usbd_ctlreq.o
    0x0800257c   0x0800257c   0x00000048   Code   RO         2568    i.USBD_GetString    usbd_ctlreq.o
    0x080025c4   0x080025c4   0x00000018   Code   RO          265    i.USBD_Get_USB_Status  usbd_conf.o
    0x080025dc   0x080025dc   0x0000002a   Code   RO         2430    i.USBD_Init         usbd_core.o
    0x08002606   0x08002606   0x00000012   Code   RO          266    i.USBD_LL_ClearStallEP  usbd_conf.o
    0x08002618   0x08002618   0x00000012   Code   RO          267    i.USBD_LL_CloseEP   usbd_conf.o
    0x0800262a   0x0800262a   0x000000c6   Code   RO         2431    i.USBD_LL_DataInStage  usbd_core.o
    0x080026f0   0x080026f0   0x00000082   Code   RO         2432    i.USBD_LL_DataOutStage  usbd_core.o
    0x08002772   0x08002772   0x00000008   Code   RO          271    i.USBD_LL_GetRxDataSize  usbd_conf.o
    0x0800277a   0x0800277a   0x00000002   PAD
    0x0800277c   0x0800277c   0x00000080   Code   RO          272    i.USBD_LL_Init      usbd_conf.o
    0x080027fc   0x080027fc   0x0000001c   Code   RO          273    i.USBD_LL_IsStallEP  usbd_conf.o
    0x08002818   0x08002818   0x00000018   Code   RO          274    i.USBD_LL_OpenEP    usbd_conf.o
    0x08002830   0x08002830   0x00000012   Code   RO          275    i.USBD_LL_PrepareReceive  usbd_conf.o
    0x08002842   0x08002842   0x00000050   Code   RO         2437    i.USBD_LL_Reset     usbd_core.o
    0x08002892   0x08002892   0x00000014   Code   RO         2438    i.USBD_LL_Resume    usbd_core.o
    0x080028a6   0x080028a6   0x00000018   Code   RO         2439    i.USBD_LL_SOF       usbd_core.o
    0x080028be   0x080028be   0x00000006   Code   RO         2440    i.USBD_LL_SetSpeed  usbd_core.o
    0x080028c4   0x080028c4   0x00000012   Code   RO          276    i.USBD_LL_SetUSBAddress  usbd_conf.o
    0x080028d6   0x080028d6   0x0000005a   Code   RO         2441    i.USBD_LL_SetupStage  usbd_core.o
    0x08002930   0x08002930   0x00000012   Code   RO          277    i.USBD_LL_StallEP   usbd_conf.o
    0x08002942   0x08002942   0x00000012   Code   RO          278    i.USBD_LL_Start     usbd_conf.o
    0x08002954   0x08002954   0x00000012   Code   RO         2442    i.USBD_LL_Suspend   usbd_core.o
    0x08002966   0x08002966   0x00000012   Code   RO          280    i.USBD_LL_Transmit  usbd_conf.o
    0x08002978   0x08002978   0x00000028   Code   RO         2569    i.USBD_ParseSetupRequest  usbd_ctlreq.o
    0x080029a0   0x080029a0   0x00000010   Code   RO         2443    i.USBD_RegisterClass  usbd_core.o
    0x080029b0   0x080029b0   0x00000016   Code   RO         2445    i.USBD_SetClassConfig  usbd_core.o
    0x080029c6   0x080029c6   0x00000002   PAD
    0x080029c8   0x080029c8   0x00000084   Code   RO         2570    i.USBD_SetConfig    usbd_ctlreq.o
    0x08002a4c   0x08002a4c   0x0000000a   Code   RO         2446    i.USBD_Start        usbd_core.o
    0x08002a56   0x08002a56   0x00000112   Code   RO         2571    i.USBD_StdDevReq    usbd_ctlreq.o
    0x08002b68   0x08002b68   0x00000150   Code   RO         2572    i.USBD_StdEPReq     usbd_ctlreq.o
    0x08002cb8   0x08002cb8   0x0000004e   Code   RO         2573    i.USBD_StdItfReq    usbd_ctlreq.o
    0x08002d06   0x08002d06   0x00000002   Code   RO          281    i.USBD_static_free  usbd_conf.o
    0x08002d08   0x08002d08   0x00000008   Code   RO          282    i.USBD_static_malloc  usbd_conf.o
    0x08002d10   0x08002d10   0x00000266   Code   RO         1182    i.USB_ActivateEndpoint  stm32f1xx_ll_usb.o
    0x08002f76   0x08002f76   0x00000004   Code   RO         1185    i.USB_CoreInit      stm32f1xx_ll_usb.o
    0x08002f7a   0x08002f7a   0x0000010e   Code   RO         1187    i.USB_DeactivateEndpoint  stm32f1xx_ll_usb.o
    0x08003088   0x08003088   0x00000004   Code   RO         1188    i.USB_DevConnect    stm32f1xx_ll_usb.o
    0x0800308c   0x0800308c   0x00000004   Code   RO         1189    i.USB_DevDisconnect  stm32f1xx_ll_usb.o
    0x08003090   0x08003090   0x0000001e   Code   RO         1190    i.USB_DevInit       stm32f1xx_ll_usb.o
    0x080030ae   0x080030ae   0x0000000e   Code   RO         1191    i.USB_DisableGlobalInt  stm32f1xx_ll_usb.o
    0x080030bc   0x080030bc   0x00000004   Code   RO         1192    i.USB_EP0_OutStart  stm32f1xx_ll_usb.o
    0x080030c0   0x080030c0   0x00000078   Code   RO         1193    i.USB_EPClearStall  stm32f1xx_ll_usb.o
    0x08003138   0x08003138   0x00000032   Code   RO         1194    i.USB_EPSetStall    stm32f1xx_ll_usb.o
    0x0800316a   0x0800316a   0x0000019c   Code   RO         1195    i.USB_EPStartXfer   stm32f1xx_ll_usb.o
    0x08003306   0x08003306   0x0000000e   Code   RO         1196    i.USB_EnableGlobalInt  stm32f1xx_ll_usb.o
    0x08003314   0x08003314   0x0000000c   Code   RO          632    i.USB_LP_CAN1_RX0_IRQHandler  stm32f1xx_it.o
    0x08003320   0x08003320   0x00000006   Code   RO         1203    i.USB_ReadInterrupts  stm32f1xx_ll_usb.o
    0x08003326   0x08003326   0x00000002   PAD
    0x08003328   0x08003328   0x0000002c   Code   RO         1204    i.USB_ReadPMA       stm32f1xx_ll_usb.o
    0x08003354   0x08003354   0x00000004   Code   RO         1206    i.USB_SetCurrentMode  stm32f1xx_ll_usb.o
    0x08003358   0x08003358   0x0000000c   Code   RO         1207    i.USB_SetDevAddress  stm32f1xx_ll_usb.o
    0x08003364   0x08003364   0x00000026   Code   RO         1210    i.USB_WritePMA      stm32f1xx_ll_usb.o
    0x0800338a   0x0800338a   0x00000002   Code   RO          633    i.UsageFault_Handler  stm32f1xx_it.o
    0x0800338c   0x0800338c   0x00000014   Code   RO          557    i.Write             usbd_cdc_if.o
    0x080033a0   0x080033a0   0x00000020   Code   RO         1903    i.__NVIC_SetPriority  stm32f1xx_hal_cortex.o
    0x080033c0   0x080033c0   0x00000008   Code   RO         2847    i.__aeabi_errno_addr  mc_w.l(errno.o)
    0x080033c8   0x080033c8   0x0000000e   Code   RO         2897    i.__scatterload_copy  mc_w.l(handlers.o)
    0x080033d6   0x080033d6   0x00000002   Code   RO         2898    i.__scatterload_null  mc_w.l(handlers.o)
    0x080033d8   0x080033d8   0x0000000e   Code   RO         2899    i.__scatterload_zeroinit  mc_w.l(handlers.o)
    0x080033e6   0x080033e6   0x00000002   PAD
    0x080033e8   0x080033e8   0x000000b8   Code   RO           22    i.main              main.o
    0x080034a0   0x080034a0   0x00000010   Data   RO         2392    .constdata          system_stm32f1xx.o
    0x080034b0   0x080034b0   0x00000081   Data   RO         2864    .constdata          mc_w.l(ctype_o.o)
    0x08003531   0x08003531   0x00000003   PAD
    0x08003534   0x08003534   0x00000004   Data   RO         2865    .constdata          mc_w.l(ctype_o.o)
    0x08003538   0x08003538   0x0000006f   Data   RO           23    .conststring        main.o
    0x080035a7   0x080035a7   0x00000001   PAD
    0x080035a8   0x080035a8   0x00000020   Data   RO         2895    Region$$Table       anon$$obj.o


    Execution Region RW_IRAM1 (Exec base: 0x20000000, Load base: 0x080035c8, Size: 0x000016d0, Max: 0x00005000, ABSOLUTE, COMPRESSED[0x000000d8])

    Exec Addr    Load Addr    Size         Type   Attr      Idx    E Section Name        Object

    0x20000000   COMPRESSED   0x0000001c   Data   RW          472    .data               usbd_desc.o
    0x2000001c   COMPRESSED   0x00000032   Data   RW          473    .data               usbd_desc.o
    0x2000004e   COMPRESSED   0x00000002   PAD
    0x20000050   COMPRESSED   0x00000010   Data   RW          559    .data               usbd_cdc_if.o
    0x20000060   COMPRESSED   0x00000028   Data   RW          753    .data               sm_control.o
    0x20000088   COMPRESSED   0x0000000c   Data   RW         1440    .data               stm32f1xx_hal.o
    0x20000094   COMPRESSED   0x00000004   Data   RW         2394    .data               system_stm32f1xx.o
    0x20000098   COMPRESSED   0x00000001   Data   RW         2574    .data               usbd_ctlreq.o
    0x20000099   COMPRESSED   0x00000003   PAD
    0x2000009c   COMPRESSED   0x000000d7   Data   RW         2706    .data               usbd_cdc.o
    0x20000173   COMPRESSED   0x00000001   PAD
    0x20000174   COMPRESSED   0x00000038   Data   RW         2707    .data               usbd_cdc.o
    0x200001ac   COMPRESSED   0x00000004   Data   RW         2850    .data               mc_w.l(errno.o)
    0x200001b0        -       0x000002c4   Zero   RW          221    .bss                usb_device.o
    0x20000474        -       0x0000048c   Zero   RW          283    .bss                usbd_conf.o
    0x20000900        -       0x00000200   Zero   RW          471    .bss                usbd_desc.o
    0x20000b00        -       0x000007d0   Zero   RW          558    .bss                usbd_cdc_if.o
    0x200012d0        -       0x00000400   Zero   RW            1    STACK               startup_stm32f103xb.o


==============================================================================

Image component sizes


      Code (inc. data)   RO Data    RW Data    ZI Data      Debug   Object Name

      1082        118        111          0          0     403813   main.o
      1004        202          0         40          0       9754   sm_control.o
        36          8        236          0       1024        796   startup_stm32f103xb.o
       164         28          0         12          0       5829   stm32f1xx_hal.o
       198         14          0          0          0      28891   stm32f1xx_hal_cortex.o
        20          0          0          0          0       2143   stm32f1xx_hal_gpio.o
        60          8          0          0          0        826   stm32f1xx_hal_msp.o
      1744          0          0          0          0      10221   stm32f1xx_hal_pcd.o
        52          0          0          0          0       1158   stm32f1xx_hal_pcd_ex.o
      1208         76          0          0          0       4030   stm32f1xx_hal_rcc.o
       236         12          0          0          0       1364   stm32f1xx_hal_rcc_ex.o
        32          6          0          0          0       4159   stm32f1xx_it.o
      1644          0          0          0          0      14397   stm32f1xx_ll_usb.o
        72         16         16          4          0       1135   system_stm32f1xx.o
        84         18          0          0        708        744   usb_device.o
       726         16          0        271          0      12894   usbd_cdc.o
       224         30          0         16       2000       4732   usbd_cdc_if.o
       544         30          0          0       1164      13241   usbd_conf.o
       670          0          0          0          0       9351   usbd_core.o
      1186         28          0          1          0       7844   usbd_ctlreq.o
       288        104          0         78        512       5577   usbd_desc.o
       132          0          0          0          0       4268   usbd_ioreq.o

    ----------------------------------------------------------------------
     11432        714        396        428       5408     547167   Object Totals
         0          0         32          0          0          0   (incl. Generated)
        26          0          1          6          0          0   (incl. Padding)

    ----------------------------------------------------------------------

      Code (inc. data)   RO Data    RW Data    ZI Data      Debug   Library Member Name

        86          0          0          0          0          0   __dczerorl2.o
        28          0          0          0          0         68   _chval.o
       158          0          0          0          0         92   _strtoul.o
        26          0          0          0          0         80   atoi.o
         8          4        133          0          0         68   ctype_o.o
         0          0          0          0          0          0   entry.o
         0          0          0          0          0          0   entry10a.o
         0          0          0          0          0          0   entry11a.o
         8          4          0          0          0          0   entry2.o
         4          0          0          0          0          0   entry5.o
         0          0          0          0          0          0   entry7b.o
         0          0          0          0          0          0   entry8b.o
         8          4          0          0          0          0   entry9a.o
         8          4          0          4          0         68   errno.o
        30          0          0          0          0          0   handlers.o
        36          8          0          0          0         68   init.o
         0          0          0          0          0          0   iusefp.o
        30          0          0          0          0         68   llshl.o
        36          0          0          0          0         68   llsshr.o
        32          0          0          0          0         68   llushr.o
        36          0          0          0          0         68   memcpya.o
        36          0          0          0          0        108   memseta.o
        18          0          0          0          0         68   strcpy.o
        14          0          0          0          0         68   strlen.o
        30          0          0          0          0         80   strncmp.o
        24          0          0          0          0         76   strncpy.o
       112          0          0          0          0         88   strtol.o
        48          0          0          0          0         68   cdcmple.o
       334          0          0          0          0        148   dadd.o
       222          0          0          0          0        100   ddiv.o
       186          0          0          0          0        176   depilogue.o
        50          0          0          0          0         76   dfixui.o
        26          0          0          0          0         76   dfltui.o
        38          0          0          0          0         68   f2d.o
       110          0          0          0          0        168   fepilogue.o
        18          0          0          0          0         68   fflti.o

    ----------------------------------------------------------------------
      1804         24        136          4          0       2152   Library Totals
         4          0          3          0          0          0   (incl. Padding)

    ----------------------------------------------------------------------

      Code (inc. data)   RO Data    RW Data    ZI Data      Debug   Library Name

       768         24        133          4          0       1204   mc_w.l
      1032          0          0          0          0        948   mf_w.l

    ----------------------------------------------------------------------
      1804         24        136          4          0       2152   Library Totals

    ----------------------------------------------------------------------

==============================================================================


      Code (inc. data)   RO Data    RW Data    ZI Data      Debug   

     13236        738        532        432       5408     539827   Grand Totals
     13236        738        532        216       5408     539827   ELF Image Totals (compressed)
     13236        738        532        216          0          0   ROM Totals

==============================================================================

    Total RO  Size (Code + RO Data)                13768 (  13.45kB)
    Total RW  Size (RW Data + ZI Data)              5840 (   5.70kB)
    Total ROM Size (Code + RO Data + RW Data)      13984 (  13.66kB)

==============================================================================

